{"Time":"2024-01-03T21:57:21.161307321+01:00","Action":"start","Package":"pkg.package-operator.run/cardboard"}
{"Time":"2024-01-03T21:57:21.161394934+01:00","Action":"output","Package":"pkg.package-operator.run/cardboard","Output":"?   \tpkg.package-operator.run/cardboard\t[no test files]\n"}
{"Time":"2024-01-03T21:57:21.161404843+01:00","Action":"skip","Package":"pkg.package-operator.run/cardboard","Elapsed":0}
{"Time":"2024-01-03T21:57:21.270204979+01:00","Action":"start","Package":"pkg.package-operator.run/cardboard/load"}
{"Time":"2024-01-03T21:57:21.270281064+01:00","Action":"start","Package":"pkg.package-operator.run/cardboard/modules"}
{"Time":"2024-01-03T21:57:21.270315171+01:00","Action":"output","Package":"pkg.package-operator.run/cardboard/modules","Output":"?   \tpkg.package-operator.run/cardboard/modules\t[no test files]\n"}
{"Time":"2024-01-03T21:57:21.270323358+01:00","Action":"skip","Package":"pkg.package-operator.run/cardboard/modules","Elapsed":0}
{"Time":"2024-01-03T21:57:21.278124498+01:00","Action":"run","Package":"pkg.package-operator.run/cardboard/load","Test":"TestLoadAndConvertIntoObject"}
{"Time":"2024-01-03T21:57:21.278139869+01:00","Action":"output","Package":"pkg.package-operator.run/cardboard/load","Test":"TestLoadAndConvertIntoObject","Output":"=== RUN   TestLoadAndConvertIntoObject\n"}
{"Time":"2024-01-03T21:57:21.281279651+01:00","Action":"output","Package":"pkg.package-operator.run/cardboard/load","Test":"TestLoadAndConvertIntoObject","Output":"--- PASS: TestLoadAndConvertIntoObject (0.00s)\n"}
{"Time":"2024-01-03T21:57:21.281303622+01:00","Action":"pass","Package":"pkg.package-operator.run/cardboard/load","Test":"TestLoadAndConvertIntoObject","Elapsed":0}
{"Time":"2024-01-03T21:57:21.281307549+01:00","Action":"run","Package":"pkg.package-operator.run/cardboard/load","Test":"TestLoadAndUnmarshalIntoObject"}
{"Time":"2024-01-03T21:57:21.281309008+01:00","Action":"output","Package":"pkg.package-operator.run/cardboard/load","Test":"TestLoadAndUnmarshalIntoObject","Output":"=== RUN   TestLoadAndUnmarshalIntoObject\n"}
{"Time":"2024-01-03T21:57:21.285860745+01:00","Action":"output","Package":"pkg.package-operator.run/cardboard/load","Test":"TestLoadAndUnmarshalIntoObject","Output":"--- PASS: TestLoadAndUnmarshalIntoObject (0.00s)\n"}
{"Time":"2024-01-03T21:57:21.28586773+01:00","Action":"pass","Package":"pkg.package-operator.run/cardboard/load","Test":"TestLoadAndUnmarshalIntoObject","Elapsed":0}
{"Time":"2024-01-03T21:57:21.285869905+01:00","Action":"output","Package":"pkg.package-operator.run/cardboard/load","Output":"PASS\n"}
{"Time":"2024-01-03T21:57:21.28653303+01:00","Action":"output","Package":"pkg.package-operator.run/cardboard/load","Output":"coverage: 37.5% of statements\n"}
{"Time":"2024-01-03T21:57:21.551398531+01:00","Action":"start","Package":"pkg.package-operator.run/cardboard/run"}
{"Time":"2024-01-03T21:57:21.551521277+01:00","Action":"start","Package":"pkg.package-operator.run/cardboard/run/test"}
{"Time":"2024-01-03T21:57:21.551532202+01:00","Action":"output","Package":"pkg.package-operator.run/cardboard/run/test","Output":"?   \tpkg.package-operator.run/cardboard/run/test\t[no test files]\n"}
{"Time":"2024-01-03T21:57:21.55153593+01:00","Action":"skip","Package":"pkg.package-operator.run/cardboard/run/test","Elapsed":0}
{"Time":"2024-01-03T21:57:21.551542124+01:00","Action":"start","Package":"pkg.package-operator.run/cardboard/sh"}
{"Time":"2024-01-03T21:57:21.55157241+01:00","Action":"start","Package":"pkg.package-operator.run/cardboard/wait"}
{"Time":"2024-01-03T21:57:21.557401077+01:00","Action":"run","Package":"pkg.package-operator.run/cardboard/sh","Test":"TestRunner_Run"}
{"Time":"2024-01-03T21:57:21.55741008+01:00","Action":"output","Package":"pkg.package-operator.run/cardboard/sh","Test":"TestRunner_Run","Output":"=== RUN   TestRunner_Run\n"}
{"Time":"2024-01-03T21:57:21.557416161+01:00","Action":"output","Package":"pkg.package-operator.run/cardboard/sh","Test":"TestRunner_Run","Output":"=== PAUSE TestRunner_Run\n"}
{"Time":"2024-01-03T21:57:21.557420231+01:00","Action":"pause","Package":"pkg.package-operator.run/cardboard/sh","Test":"TestRunner_Run"}
{"Time":"2024-01-03T21:57:21.557430592+01:00","Action":"run","Package":"pkg.package-operator.run/cardboard/run","Test":"TestNewDependencyRun_Serial"}
{"Time":"2024-01-03T21:57:21.557434718+01:00","Action":"output","Package":"pkg.package-operator.run/cardboard/run","Test":"TestNewDependencyRun_Serial","Output":"=== RUN   TestNewDependencyRun_Serial\n"}
{"Time":"2024-01-03T21:57:21.557452526+01:00","Action":"output","Package":"pkg.package-operator.run/cardboard/run","Test":"TestNewDependencyRun_Serial","Output":"=== PAUSE TestNewDependencyRun_Serial\n"}
{"Time":"2024-01-03T21:57:21.557455398+01:00","Action":"pause","Package":"pkg.package-operator.run/cardboard/run","Test":"TestNewDependencyRun_Serial"}
{"Time":"2024-01-03T21:57:21.557469542+01:00","Action":"run","Package":"pkg.package-operator.run/cardboard/run","Test":"TestNewDependencyRun_Parallel"}
{"Time":"2024-01-03T21:57:21.557472732+01:00","Action":"output","Package":"pkg.package-operator.run/cardboard/run","Test":"TestNewDependencyRun_Parallel","Output":"=== RUN   TestNewDependencyRun_Parallel\n"}
{"Time":"2024-01-03T21:57:21.557464953+01:00","Action":"run","Package":"pkg.package-operator.run/cardboard/sh","Test":"TestRunner_Run_error"}
{"Time":"2024-01-03T21:57:21.557478193+01:00","Action":"output","Package":"pkg.package-operator.run/cardboard/sh","Test":"TestRunner_Run_error","Output":"=== RUN   TestRunner_Run_error\n"}
{"Time":"2024-01-03T21:57:21.557484995+01:00","Action":"output","Package":"pkg.package-operator.run/cardboard/sh","Test":"TestRunner_Run_error","Output":"=== PAUSE TestRunner_Run_error\n"}
{"Time":"2024-01-03T21:57:21.557486837+01:00","Action":"output","Package":"pkg.package-operator.run/cardboard/run","Test":"TestNewDependencyRun_Parallel","Output":"=== PAUSE TestNewDependencyRun_Parallel\n"}
{"Time":"2024-01-03T21:57:21.557487475+01:00","Action":"pause","Package":"pkg.package-operator.run/cardboard/sh","Test":"TestRunner_Run_error"}
{"Time":"2024-01-03T21:57:21.557489748+01:00","Action":"pause","Package":"pkg.package-operator.run/cardboard/run","Test":"TestNewDependencyRun_Parallel"}
{"Time":"2024-01-03T21:57:21.557499669+01:00","Action":"run","Package":"pkg.package-operator.run/cardboard/sh","Test":"TestRunner_Run_runerror"}
{"Time":"2024-01-03T21:57:21.557502777+01:00","Action":"output","Package":"pkg.package-operator.run/cardboard/sh","Test":"TestRunner_Run_runerror","Output":"=== RUN   TestRunner_Run_runerror\n"}
{"Time":"2024-01-03T21:57:21.557506257+01:00","Action":"run","Package":"pkg.package-operator.run/cardboard/run","Test":"Test_funcID"}
{"Time":"2024-01-03T21:57:21.557507747+01:00","Action":"output","Package":"pkg.package-operator.run/cardboard/run","Test":"Test_funcID","Output":"=== RUN   Test_funcID\n"}
{"Time":"2024-01-03T21:57:21.557517542+01:00","Action":"output","Package":"pkg.package-operator.run/cardboard/sh","Test":"TestRunner_Run_runerror","Output":"=== PAUSE TestRunner_Run_runerror\n"}
{"Time":"2024-01-03T21:57:21.557519491+01:00","Action":"pause","Package":"pkg.package-operator.run/cardboard/sh","Test":"TestRunner_Run_runerror"}
{"Time":"2024-01-03T21:57:21.557530217+01:00","Action":"run","Package":"pkg.package-operator.run/cardboard/sh","Test":"TestRunner_Output"}
{"Time":"2024-01-03T21:57:21.557532089+01:00","Action":"output","Package":"pkg.package-operator.run/cardboard/sh","Test":"TestRunner_Output","Output":"=== RUN   TestRunner_Output\n"}
{"Time":"2024-01-03T21:57:21.557539218+01:00","Action":"output","Package":"pkg.package-operator.run/cardboard/run","Test":"Test_funcID","Output":"=== PAUSE Test_funcID\n"}
{"Time":"2024-01-03T21:57:21.557540765+01:00","Action":"pause","Package":"pkg.package-operator.run/cardboard/run","Test":"Test_funcID"}
{"Time":"2024-01-03T21:57:21.557545317+01:00","Action":"output","Package":"pkg.package-operator.run/cardboard/sh","Test":"TestRunner_Output","Output":"=== PAUSE TestRunner_Output\n"}
{"Time":"2024-01-03T21:57:21.557548017+01:00","Action":"pause","Package":"pkg.package-operator.run/cardboard/sh","Test":"TestRunner_Output"}
{"Time":"2024-01-03T21:57:21.557555692+01:00","Action":"run","Package":"pkg.package-operator.run/cardboard/run","Test":"Test_structID"}
{"Time":"2024-01-03T21:57:21.557557036+01:00","Action":"output","Package":"pkg.package-operator.run/cardboard/run","Test":"Test_structID","Output":"=== RUN   Test_structID\n"}
{"Time":"2024-01-03T21:57:21.557570935+01:00","Action":"cont","Package":"pkg.package-operator.run/cardboard/sh","Test":"TestRunner_Run"}
{"Time":"2024-01-03T21:57:21.557574549+01:00","Action":"output","Package":"pkg.package-operator.run/cardboard/sh","Test":"TestRunner_Run","Output":"=== CONT  TestRunner_Run\n"}
{"Time":"2024-01-03T21:57:21.55763417+01:00","Action":"output","Package":"pkg.package-operator.run/cardboard/run","Test":"Test_structID","Output":"--- PASS: Test_structID (0.00s)\n"}
{"Time":"2024-01-03T21:57:21.557638906+01:00","Action":"pass","Package":"pkg.package-operator.run/cardboard/run","Test":"Test_structID","Elapsed":0}
{"Time":"2024-01-03T21:57:21.557646612+01:00","Action":"run","Package":"pkg.package-operator.run/cardboard/run","Test":"Test_methID"}
{"Time":"2024-01-03T21:57:21.557648913+01:00","Action":"output","Package":"pkg.package-operator.run/cardboard/run","Test":"Test_methID","Output":"=== RUN   Test_methID\n"}
{"Time":"2024-01-03T21:57:21.557650033+01:00","Action":"cont","Package":"pkg.package-operator.run/cardboard/sh","Test":"TestRunner_Run_runerror"}
{"Time":"2024-01-03T21:57:21.557652271+01:00","Action":"output","Package":"pkg.package-operator.run/cardboard/sh","Test":"TestRunner_Run_runerror","Output":"=== CONT  TestRunner_Run_runerror\n"}
{"Time":"2024-01-03T21:57:21.557654091+01:00","Action":"cont","Package":"pkg.package-operator.run/cardboard/sh","Test":"TestRunner_Output"}
{"Time":"2024-01-03T21:57:21.557656382+01:00","Action":"output","Package":"pkg.package-operator.run/cardboard/sh","Test":"TestRunner_Output","Output":"=== CONT  TestRunner_Output\n"}
{"Time":"2024-01-03T21:57:21.5576967+01:00","Action":"output","Package":"pkg.package-operator.run/cardboard/run","Test":"Test_methID","Output":"--- PASS: Test_methID (0.00s)\n"}
{"Time":"2024-01-03T21:57:21.557701305+01:00","Action":"pass","Package":"pkg.package-operator.run/cardboard/run","Test":"Test_methID","Elapsed":0}
{"Time":"2024-01-03T21:57:21.557711866+01:00","Action":"run","Package":"pkg.package-operator.run/cardboard/run","Test":"TestManager"}
{"Time":"2024-01-03T21:57:21.557715034+01:00","Action":"output","Package":"pkg.package-operator.run/cardboard/run","Test":"TestManager","Output":"=== RUN   TestManager\n"}
{"Time":"2024-01-03T21:57:21.557753981+01:00","Action":"output","Package":"pkg.package-operator.run/cardboard/run","Test":"TestManager","Output":"--- PASS: TestManager (0.00s)\n"}
{"Time":"2024-01-03T21:57:21.55776327+01:00","Action":"pass","Package":"pkg.package-operator.run/cardboard/run","Test":"TestManager","Elapsed":0}
{"Time":"2024-01-03T21:57:21.557767038+01:00","Action":"run","Package":"pkg.package-operator.run/cardboard/run","Test":"TestNewestModTime"}
{"Time":"2024-01-03T21:57:21.5577694+01:00","Action":"output","Package":"pkg.package-operator.run/cardboard/run","Test":"TestNewestModTime","Output":"=== RUN   TestNewestModTime\n"}
{"Time":"2024-01-03T21:57:21.557773474+01:00","Action":"output","Package":"pkg.package-operator.run/cardboard/run","Test":"TestNewestModTime","Output":"=== PAUSE TestNewestModTime\n"}
{"Time":"2024-01-03T21:57:21.557776223+01:00","Action":"pause","Package":"pkg.package-operator.run/cardboard/run","Test":"TestNewestModTime"}
{"Time":"2024-01-03T21:57:21.557783485+01:00","Action":"cont","Package":"pkg.package-operator.run/cardboard/sh","Test":"TestRunner_Run_error"}
{"Time":"2024-01-03T21:57:21.557787772+01:00","Action":"output","Package":"pkg.package-operator.run/cardboard/sh","Test":"TestRunner_Run_error","Output":"=== CONT  TestRunner_Run_error\n"}
{"Time":"2024-01-03T21:57:21.557792151+01:00","Action":"run","Package":"pkg.package-operator.run/cardboard/run","Test":"TestOldestModTime"}
{"Time":"2024-01-03T21:57:21.557794413+01:00","Action":"output","Package":"pkg.package-operator.run/cardboard/run","Test":"TestOldestModTime","Output":"=== RUN   TestOldestModTime\n"}
{"Time":"2024-01-03T21:57:21.557800651+01:00","Action":"output","Package":"pkg.package-operator.run/cardboard/run","Test":"TestOldestModTime","Output":"=== PAUSE TestOldestModTime\n"}
{"Time":"2024-01-03T21:57:21.55780262+01:00","Action":"pause","Package":"pkg.package-operator.run/cardboard/run","Test":"TestOldestModTime"}
{"Time":"2024-01-03T21:57:21.557818403+01:00","Action":"run","Package":"pkg.package-operator.run/cardboard/run","Test":"TestPathMissingDest"}
{"Time":"2024-01-03T21:57:21.557821184+01:00","Action":"output","Package":"pkg.package-operator.run/cardboard/run","Test":"TestPathMissingDest","Output":"=== RUN   TestPathMissingDest\n"}
{"Time":"2024-01-03T21:57:21.557838032+01:00","Action":"output","Package":"pkg.package-operator.run/cardboard/run","Test":"TestPathMissingDest","Output":"=== PAUSE TestPathMissingDest\n"}
{"Time":"2024-01-03T21:57:21.55784099+01:00","Action":"pause","Package":"pkg.package-operator.run/cardboard/run","Test":"TestPathMissingDest"}
{"Time":"2024-01-03T21:57:21.557852856+01:00","Action":"run","Package":"pkg.package-operator.run/cardboard/run","Test":"TestPathMissingSource"}
{"Time":"2024-01-03T21:57:21.557855296+01:00","Action":"output","Package":"pkg.package-operator.run/cardboard/run","Test":"TestPathMissingSource","Output":"=== RUN   TestPathMissingSource\n"}
{"Time":"2024-01-03T21:57:21.557878667+01:00","Action":"output","Package":"pkg.package-operator.run/cardboard/run","Test":"TestPathMissingSource","Output":"=== PAUSE TestPathMissingSource\n"}
{"Time":"2024-01-03T21:57:21.557881439+01:00","Action":"pause","Package":"pkg.package-operator.run/cardboard/run","Test":"TestPathMissingSource"}
{"Time":"2024-01-03T21:57:21.557889452+01:00","Action":"run","Package":"pkg.package-operator.run/cardboard/run","Test":"TestGlobEmptyGlob"}
{"Time":"2024-01-03T21:57:21.557892034+01:00","Action":"output","Package":"pkg.package-operator.run/cardboard/run","Test":"TestGlobEmptyGlob","Output":"=== RUN   TestGlobEmptyGlob\n"}
{"Time":"2024-01-03T21:57:21.55790395+01:00","Action":"output","Package":"pkg.package-operator.run/cardboard/run","Test":"TestGlobEmptyGlob","Output":"=== PAUSE TestGlobEmptyGlob\n"}
{"Time":"2024-01-03T21:57:21.55790679+01:00","Action":"pause","Package":"pkg.package-operator.run/cardboard/run","Test":"TestGlobEmptyGlob"}
{"Time":"2024-01-03T21:57:21.557911084+01:00","Action":"output","Package":"pkg.package-operator.run/cardboard/sh","Test":"TestRunner_Run","Output":"    logger.go:225: time=2024-01-03T21:57:21.557+01:00 level=INFO msg=exec cmd=echo args=\"\"\n"}
{"Time":"2024-01-03T21:57:21.557930806+01:00","Action":"run","Package":"pkg.package-operator.run/cardboard/run","Test":"TestDirMissingSrc"}
{"Time":"2024-01-03T21:57:21.557933457+01:00","Action":"output","Package":"pkg.package-operator.run/cardboard/run","Test":"TestDirMissingSrc","Output":"=== RUN   TestDirMissingSrc\n"}
{"Time":"2024-01-03T21:57:21.557954868+01:00","Action":"output","Package":"pkg.package-operator.run/cardboard/run","Test":"TestDirMissingSrc","Output":"=== PAUSE TestDirMissingSrc\n"}
{"Time":"2024-01-03T21:57:21.557957287+01:00","Action":"pause","Package":"pkg.package-operator.run/cardboard/run","Test":"TestDirMissingSrc"}
{"Time":"2024-01-03T21:57:21.557962356+01:00","Action":"output","Package":"pkg.package-operator.run/cardboard/sh","Test":"TestRunner_Output","Output":"    logger.go:225: time=2024-01-03T21:57:21.557+01:00 level=INFO msg=exec cmd=echo args=\"hello world\"\n"}
{"Time":"2024-01-03T21:57:21.55796806+01:00","Action":"run","Package":"pkg.package-operator.run/cardboard/run","Test":"TestDirMissingDest"}
{"Time":"2024-01-03T21:57:21.557969847+01:00","Action":"output","Package":"pkg.package-operator.run/cardboard/run","Test":"TestDirMissingDest","Output":"=== RUN   TestDirMissingDest\n"}
{"Time":"2024-01-03T21:57:21.557985388+01:00","Action":"output","Package":"pkg.package-operator.run/cardboard/run","Test":"TestDirMissingDest","Output":"=== PAUSE TestDirMissingDest\n"}
{"Time":"2024-01-03T21:57:21.557989034+01:00","Action":"pause","Package":"pkg.package-operator.run/cardboard/run","Test":"TestDirMissingDest"}
{"Time":"2024-01-03T21:57:21.557992937+01:00","Action":"run","Package":"pkg.package-operator.run/cardboard/run","Test":"TestGlob"}
{"Time":"2024-01-03T21:57:21.557990068+01:00","Action":"output","Package":"pkg.package-operator.run/cardboard/sh","Test":"TestRunner_Run_error","Output":"    logger.go:225: time=2024-01-03T21:57:21.557+01:00 level=INFO msg=exec cmd=bash args=\"-c, false\"\n"}
{"Time":"2024-01-03T21:57:21.557995012+01:00","Action":"output","Package":"pkg.package-operator.run/cardboard/run","Test":"TestGlob","Output":"=== RUN   TestGlob\n"}
{"Time":"2024-01-03T21:57:21.557999277+01:00","Action":"output","Package":"pkg.package-operator.run/cardboard/sh","Test":"TestRunner_Run_runerror","Output":"    logger.go:225: time=2024-01-03T21:57:21.557+01:00 level=INFO msg=exec cmd=xxxxxxxxxxx args=\"\"\n"}
{"Time":"2024-01-03T21:57:21.558059126+01:00","Action":"output","Package":"pkg.package-operator.run/cardboard/sh","Test":"TestRunner_Run_runerror","Output":"--- PASS: TestRunner_Run_runerror (0.00s)\n"}
{"Time":"2024-01-03T21:57:21.558326336+01:00","Action":"output","Package":"pkg.package-operator.run/cardboard/sh","Test":"TestRunner_Run_runerror","Output":"\n"}
{"Time":"2024-01-03T21:57:21.558426178+01:00","Action":"pass","Package":"pkg.package-operator.run/cardboard/sh","Test":"TestRunner_Run_runerror","Elapsed":0}
{"Time":"2024-01-03T21:57:21.558430235+01:00","Action":"output","Package":"pkg.package-operator.run/cardboard/sh","Test":"TestRunner_Run","Output":"--- PASS: TestRunner_Run (0.00s)\n"}
{"Time":"2024-01-03T21:57:21.558476027+01:00","Action":"pass","Package":"pkg.package-operator.run/cardboard/sh","Test":"TestRunner_Run","Elapsed":0}
{"Time":"2024-01-03T21:57:21.55847937+01:00","Action":"output","Package":"pkg.package-operator.run/cardboard/sh","Test":"TestRunner_Output","Output":"--- PASS: TestRunner_Output (0.00s)\n"}
{"Time":"2024-01-03T21:57:21.558894996+01:00","Action":"pass","Package":"pkg.package-operator.run/cardboard/sh","Test":"TestRunner_Output","Elapsed":0}
{"Time":"2024-01-03T21:57:21.558898045+01:00","Action":"output","Package":"pkg.package-operator.run/cardboard/sh","Test":"TestRunner_Run_error","Output":"--- PASS: TestRunner_Run_error (0.00s)\n"}
{"Time":"2024-01-03T21:57:21.55891396+01:00","Action":"pass","Package":"pkg.package-operator.run/cardboard/sh","Test":"TestRunner_Run_error","Elapsed":0}
{"Time":"2024-01-03T21:57:21.558916636+01:00","Action":"output","Package":"pkg.package-operator.run/cardboard/sh","Output":"PASS\n"}
{"Time":"2024-01-03T21:57:21.559769001+01:00","Action":"output","Package":"pkg.package-operator.run/cardboard/sh","Output":"coverage: 71.7% of statements\n"}
{"Time":"2024-01-03T21:57:21.580534781+01:00","Action":"run","Package":"pkg.package-operator.run/cardboard/wait","Test":"TestWaiterConfig_Default"}
{"Time":"2024-01-03T21:57:21.580548205+01:00","Action":"output","Package":"pkg.package-operator.run/cardboard/wait","Test":"TestWaiterConfig_Default","Output":"=== RUN   TestWaiterConfig_Default\n"}
{"Time":"2024-01-03T21:57:21.580617998+01:00","Action":"output","Package":"pkg.package-operator.run/cardboard/wait","Test":"TestWaiterConfig_Default","Output":"--- PASS: TestWaiterConfig_Default (0.00s)\n"}
{"Time":"2024-01-03T21:57:21.580635705+01:00","Action":"pass","Package":"pkg.package-operator.run/cardboard/wait","Test":"TestWaiterConfig_Default","Elapsed":0}
{"Time":"2024-01-03T21:57:21.580644511+01:00","Action":"run","Package":"pkg.package-operator.run/cardboard/wait","Test":"TestWaiter_NewWaiter"}
{"Time":"2024-01-03T21:57:21.580647648+01:00","Action":"output","Package":"pkg.package-operator.run/cardboard/wait","Test":"TestWaiter_NewWaiter","Output":"=== RUN   TestWaiter_NewWaiter\n"}
{"Time":"2024-01-03T21:57:21.580673634+01:00","Action":"run","Package":"pkg.package-operator.run/cardboard/wait","Test":"TestWaiter_NewWaiter/defaults"}
{"Time":"2024-01-03T21:57:21.580680306+01:00","Action":"output","Package":"pkg.package-operator.run/cardboard/wait","Test":"TestWaiter_NewWaiter/defaults","Output":"=== RUN   TestWaiter_NewWaiter/defaults\n"}
{"Time":"2024-01-03T21:57:21.580729433+01:00","Action":"output","Package":"pkg.package-operator.run/cardboard/wait","Test":"TestWaiter_NewWaiter/defaults","Output":"--- PASS: TestWaiter_NewWaiter/defaults (0.00s)\n"}
{"Time":"2024-01-03T21:57:21.580740192+01:00","Action":"pass","Package":"pkg.package-operator.run/cardboard/wait","Test":"TestWaiter_NewWaiter/defaults","Elapsed":0}
{"Time":"2024-01-03T21:57:21.580755208+01:00","Action":"run","Package":"pkg.package-operator.run/cardboard/wait","Test":"TestWaiter_NewWaiter/custom_options"}
{"Time":"2024-01-03T21:57:21.580758191+01:00","Action":"output","Package":"pkg.package-operator.run/cardboard/wait","Test":"TestWaiter_NewWaiter/custom_options","Output":"=== RUN   TestWaiter_NewWaiter/custom_options\n"}
{"Time":"2024-01-03T21:57:21.580806596+01:00","Action":"output","Package":"pkg.package-operator.run/cardboard/wait","Test":"TestWaiter_NewWaiter/custom_options","Output":"--- PASS: TestWaiter_NewWaiter/custom_options (0.00s)\n"}
{"Time":"2024-01-03T21:57:21.580813328+01:00","Action":"pass","Package":"pkg.package-operator.run/cardboard/wait","Test":"TestWaiter_NewWaiter/custom_options","Elapsed":0}
{"Time":"2024-01-03T21:57:21.580837622+01:00","Action":"output","Package":"pkg.package-operator.run/cardboard/wait","Test":"TestWaiter_NewWaiter","Output":"--- PASS: TestWaiter_NewWaiter (0.00s)\n"}
{"Time":"2024-01-03T21:57:21.580842988+01:00","Action":"pass","Package":"pkg.package-operator.run/cardboard/wait","Test":"TestWaiter_NewWaiter","Elapsed":0}
{"Time":"2024-01-03T21:57:21.580857491+01:00","Action":"run","Package":"pkg.package-operator.run/cardboard/wait","Test":"Test_checkObjectCondition"}
{"Time":"2024-01-03T21:57:21.580860412+01:00","Action":"output","Package":"pkg.package-operator.run/cardboard/wait","Test":"Test_checkObjectCondition","Output":"=== RUN   Test_checkObjectCondition\n"}
{"Time":"2024-01-03T21:57:21.581096111+01:00","Action":"run","Package":"pkg.package-operator.run/cardboard/wait","Test":"Test_checkObjectCondition/structured_deployment"}
{"Time":"2024-01-03T21:57:21.581101693+01:00","Action":"output","Package":"pkg.package-operator.run/cardboard/wait","Test":"Test_checkObjectCondition/structured_deployment","Output":"=== RUN   Test_checkObjectCondition/structured_deployment\n"}
{"Time":"2024-01-03T21:57:21.582825557+01:00","Action":"output","Package":"pkg.package-operator.run/cardboard/wait","Test":"Test_checkObjectCondition/structured_deployment","Output":"--- PASS: Test_checkObjectCondition/structured_deployment (0.00s)\n"}
{"Time":"2024-01-03T21:57:21.582835873+01:00","Action":"pass","Package":"pkg.package-operator.run/cardboard/wait","Test":"Test_checkObjectCondition/structured_deployment","Elapsed":0}
{"Time":"2024-01-03T21:57:21.582850491+01:00","Action":"run","Package":"pkg.package-operator.run/cardboard/wait","Test":"Test_checkObjectCondition/outdated_structured_deployment"}
{"Time":"2024-01-03T21:57:21.5828537+01:00","Action":"output","Package":"pkg.package-operator.run/cardboard/wait","Test":"Test_checkObjectCondition/outdated_structured_deployment","Output":"=== RUN   Test_checkObjectCondition/outdated_structured_deployment\n"}
{"Time":"2024-01-03T21:57:21.582987201+01:00","Action":"output","Package":"pkg.package-operator.run/cardboard/wait","Test":"Test_checkObjectCondition/outdated_structured_deployment","Output":"--- PASS: Test_checkObjectCondition/outdated_structured_deployment (0.00s)\n"}
{"Time":"2024-01-03T21:57:21.582995049+01:00","Action":"pass","Package":"pkg.package-operator.run/cardboard/wait","Test":"Test_checkObjectCondition/outdated_structured_deployment","Elapsed":0}
{"Time":"2024-01-03T21:57:21.583012101+01:00","Action":"run","Package":"pkg.package-operator.run/cardboard/wait","Test":"Test_checkObjectCondition/outdated_unstructured"}
{"Time":"2024-01-03T21:57:21.58301544+01:00","Action":"output","Package":"pkg.package-operator.run/cardboard/wait","Test":"Test_checkObjectCondition/outdated_unstructured","Output":"=== RUN   Test_checkObjectCondition/outdated_unstructured\n"}
{"Time":"2024-01-03T21:57:21.583099902+01:00","Action":"output","Package":"pkg.package-operator.run/cardboard/wait","Test":"Test_checkObjectCondition/outdated_unstructured","Output":"--- PASS: Test_checkObjectCondition/outdated_unstructured (0.00s)\n"}
{"Time":"2024-01-03T21:57:21.583106297+01:00","Action":"pass","Package":"pkg.package-operator.run/cardboard/wait","Test":"Test_checkObjectCondition/outdated_unstructured","Elapsed":0}
{"Time":"2024-01-03T21:57:21.583125144+01:00","Action":"run","Package":"pkg.package-operator.run/cardboard/wait","Test":"Test_checkObjectCondition/up-to-date_unstructured"}
{"Time":"2024-01-03T21:57:21.583128387+01:00","Action":"output","Package":"pkg.package-operator.run/cardboard/wait","Test":"Test_checkObjectCondition/up-to-date_unstructured","Output":"=== RUN   Test_checkObjectCondition/up-to-date_unstructured\n"}
{"Time":"2024-01-03T21:57:21.583193115+01:00","Action":"output","Package":"pkg.package-operator.run/cardboard/wait","Test":"Test_checkObjectCondition/up-to-date_unstructured","Output":"--- PASS: Test_checkObjectCondition/up-to-date_unstructured (0.00s)\n"}
{"Time":"2024-01-03T21:57:21.583204894+01:00","Action":"pass","Package":"pkg.package-operator.run/cardboard/wait","Test":"Test_checkObjectCondition/up-to-date_unstructured","Elapsed":0}
{"Time":"2024-01-03T21:57:21.583224068+01:00","Action":"output","Package":"pkg.package-operator.run/cardboard/wait","Test":"Test_checkObjectCondition","Output":"--- PASS: Test_checkObjectCondition (0.00s)\n"}
{"Time":"2024-01-03T21:57:21.583233913+01:00","Action":"pass","Package":"pkg.package-operator.run/cardboard/wait","Test":"Test_checkObjectCondition","Elapsed":0}
{"Time":"2024-01-03T21:57:21.58324837+01:00","Action":"output","Package":"pkg.package-operator.run/cardboard/wait","Output":"PASS\n"}
{"Time":"2024-01-03T21:57:21.583915646+01:00","Action":"output","Package":"pkg.package-operator.run/cardboard/wait","Output":"coverage: 40.5% of statements\n"}
{"Time":"2024-01-03T21:57:21.62938189+01:00","Action":"run","Package":"pkg.package-operator.run/cardboard/run","Test":"TestGlob/Missing_target"}
{"Time":"2024-01-03T21:57:21.629390464+01:00","Action":"output","Package":"pkg.package-operator.run/cardboard/run","Test":"TestGlob/Missing_target","Output":"=== RUN   TestGlob/Missing_target\n"}
{"Time":"2024-01-03T21:57:21.629409102+01:00","Action":"output","Package":"pkg.package-operator.run/cardboard/run","Test":"TestGlob/Missing_target","Output":"=== PAUSE TestGlob/Missing_target\n"}
{"Time":"2024-01-03T21:57:21.629410478+01:00","Action":"pause","Package":"pkg.package-operator.run/cardboard/run","Test":"TestGlob/Missing_target"}
{"Time":"2024-01-03T21:57:21.629530362+01:00","Action":"run","Package":"pkg.package-operator.run/cardboard/run","Test":"TestGlob/Target_is_newer"}
{"Time":"2024-01-03T21:57:21.62953593+01:00","Action":"output","Package":"pkg.package-operator.run/cardboard/run","Test":"TestGlob/Target_is_newer","Output":"=== RUN   TestGlob/Target_is_newer\n"}
{"Time":"2024-01-03T21:57:21.629538343+01:00","Action":"output","Package":"pkg.package-operator.run/cardboard/run","Test":"TestGlob/Target_is_newer","Output":"=== PAUSE TestGlob/Target_is_newer\n"}
{"Time":"2024-01-03T21:57:21.629539642+01:00","Action":"pause","Package":"pkg.package-operator.run/cardboard/run","Test":"TestGlob/Target_is_newer"}
{"Time":"2024-01-03T21:57:21.62954122+01:00","Action":"run","Package":"pkg.package-operator.run/cardboard/run","Test":"TestGlob/No_actual_globs"}
{"Time":"2024-01-03T21:57:21.629542347+01:00","Action":"output","Package":"pkg.package-operator.run/cardboard/run","Test":"TestGlob/No_actual_globs","Output":"=== RUN   TestGlob/No_actual_globs\n"}
{"Time":"2024-01-03T21:57:21.629543683+01:00","Action":"output","Package":"pkg.package-operator.run/cardboard/run","Test":"TestGlob/No_actual_globs","Output":"=== PAUSE TestGlob/No_actual_globs\n"}
{"Time":"2024-01-03T21:57:21.629544708+01:00","Action":"pause","Package":"pkg.package-operator.run/cardboard/run","Test":"TestGlob/No_actual_globs"}
{"Time":"2024-01-03T21:57:21.629546816+01:00","Action":"run","Package":"pkg.package-operator.run/cardboard/run","Test":"TestGlob/Target_is_older"}
{"Time":"2024-01-03T21:57:21.62954784+01:00","Action":"output","Package":"pkg.package-operator.run/cardboard/run","Test":"TestGlob/Target_is_older","Output":"=== RUN   TestGlob/Target_is_older\n"}
{"Time":"2024-01-03T21:57:21.629557692+01:00","Action":"output","Package":"pkg.package-operator.run/cardboard/run","Test":"TestGlob/Target_is_older","Output":"=== PAUSE TestGlob/Target_is_older\n"}
{"Time":"2024-01-03T21:57:21.629559158+01:00","Action":"pause","Package":"pkg.package-operator.run/cardboard/run","Test":"TestGlob/Target_is_older"}
{"Time":"2024-01-03T21:57:21.629657478+01:00","Action":"run","Package":"pkg.package-operator.run/cardboard/run","Test":"TestGlob/Target_is_in_the_middle_of_files_in_the_glob"}
{"Time":"2024-01-03T21:57:21.629664793+01:00","Action":"output","Package":"pkg.package-operator.run/cardboard/run","Test":"TestGlob/Target_is_in_the_middle_of_files_in_the_glob","Output":"=== RUN   TestGlob/Target_is_in_the_middle_of_files_in_the_glob\n"}
{"Time":"2024-01-03T21:57:21.629667314+01:00","Action":"output","Package":"pkg.package-operator.run/cardboard/run","Test":"TestGlob/Target_is_in_the_middle_of_files_in_the_glob","Output":"=== PAUSE TestGlob/Target_is_in_the_middle_of_files_in_the_glob\n"}
{"Time":"2024-01-03T21:57:21.629668442+01:00","Action":"pause","Package":"pkg.package-operator.run/cardboard/run","Test":"TestGlob/Target_is_in_the_middle_of_files_in_the_glob"}
{"Time":"2024-01-03T21:57:21.629670039+01:00","Action":"run","Package":"pkg.package-operator.run/cardboard/run","Test":"TestGlob/Globs_work_for_dirs"}
{"Time":"2024-01-03T21:57:21.62967109+01:00","Action":"output","Package":"pkg.package-operator.run/cardboard/run","Test":"TestGlob/Globs_work_for_dirs","Output":"=== RUN   TestGlob/Globs_work_for_dirs\n"}
{"Time":"2024-01-03T21:57:21.629672461+01:00","Action":"output","Package":"pkg.package-operator.run/cardboard/run","Test":"TestGlob/Globs_work_for_dirs","Output":"=== PAUSE TestGlob/Globs_work_for_dirs\n"}
{"Time":"2024-01-03T21:57:21.62967355+01:00","Action":"pause","Package":"pkg.package-operator.run/cardboard/run","Test":"TestGlob/Globs_work_for_dirs"}
{"Time":"2024-01-03T21:57:21.629674907+01:00","Action":"cont","Package":"pkg.package-operator.run/cardboard/run","Test":"TestGlob/No_actual_globs"}
{"Time":"2024-01-03T21:57:21.629675899+01:00","Action":"output","Package":"pkg.package-operator.run/cardboard/run","Test":"TestGlob/No_actual_globs","Output":"=== CONT  TestGlob/No_actual_globs\n"}
{"Time":"2024-01-03T21:57:21.629677912+01:00","Action":"cont","Package":"pkg.package-operator.run/cardboard/run","Test":"TestGlob/Target_is_in_the_middle_of_files_in_the_glob"}
{"Time":"2024-01-03T21:57:21.629681883+01:00","Action":"output","Package":"pkg.package-operator.run/cardboard/run","Test":"TestGlob/Target_is_in_the_middle_of_files_in_the_glob","Output":"=== CONT  TestGlob/Target_is_in_the_middle_of_files_in_the_glob\n"}
{"Time":"2024-01-03T21:57:21.62982743+01:00","Action":"output","Package":"pkg.package-operator.run/cardboard/run","Test":"TestGlob/No_actual_globs","Output":"--- PASS: TestGlob/No_actual_globs (0.00s)\n"}
{"Time":"2024-01-03T21:57:21.629835355+01:00","Action":"pass","Package":"pkg.package-operator.run/cardboard/run","Test":"TestGlob/No_actual_globs","Elapsed":0}
{"Time":"2024-01-03T21:57:21.629837419+01:00","Action":"cont","Package":"pkg.package-operator.run/cardboard/run","Test":"TestGlob/Target_is_newer"}
{"Time":"2024-01-03T21:57:21.629838608+01:00","Action":"output","Package":"pkg.package-operator.run/cardboard/run","Test":"TestGlob/Target_is_newer","Output":"=== CONT  TestGlob/Target_is_newer\n"}
{"Time":"2024-01-03T21:57:21.629840892+01:00","Action":"cont","Package":"pkg.package-operator.run/cardboard/run","Test":"TestGlob/Globs_work_for_dirs"}
{"Time":"2024-01-03T21:57:21.629842653+01:00","Action":"output","Package":"pkg.package-operator.run/cardboard/run","Test":"TestGlob/Globs_work_for_dirs","Output":"=== CONT  TestGlob/Globs_work_for_dirs\n"}
{"Time":"2024-01-03T21:57:21.629935568+01:00","Action":"cont","Package":"pkg.package-operator.run/cardboard/run","Test":"TestGlob/Missing_target"}
{"Time":"2024-01-03T21:57:21.629937371+01:00","Action":"output","Package":"pkg.package-operator.run/cardboard/run","Test":"TestGlob/Missing_target","Output":"=== CONT  TestGlob/Missing_target\n"}
{"Time":"2024-01-03T21:57:21.629958496+01:00","Action":"output","Package":"pkg.package-operator.run/cardboard/run","Test":"TestGlob/Target_is_in_the_middle_of_files_in_the_glob","Output":"--- PASS: TestGlob/Target_is_in_the_middle_of_files_in_the_glob (0.00s)\n"}
{"Time":"2024-01-03T21:57:21.630004548+01:00","Action":"pass","Package":"pkg.package-operator.run/cardboard/run","Test":"TestGlob/Target_is_in_the_middle_of_files_in_the_glob","Elapsed":0}
{"Time":"2024-01-03T21:57:21.630006548+01:00","Action":"output","Package":"pkg.package-operator.run/cardboard/run","Test":"TestGlob/Globs_work_for_dirs","Output":"--- PASS: TestGlob/Globs_work_for_dirs (0.00s)\n"}
{"Time":"2024-01-03T21:57:21.630028891+01:00","Action":"pass","Package":"pkg.package-operator.run/cardboard/run","Test":"TestGlob/Globs_work_for_dirs","Elapsed":0}
{"Time":"2024-01-03T21:57:21.630030614+01:00","Action":"output","Package":"pkg.package-operator.run/cardboard/run","Test":"TestGlob/Target_is_newer","Output":"--- PASS: TestGlob/Target_is_newer (0.00s)\n"}
{"Time":"2024-01-03T21:57:21.630037983+01:00","Action":"pass","Package":"pkg.package-operator.run/cardboard/run","Test":"TestGlob/Target_is_newer","Elapsed":0}
{"Time":"2024-01-03T21:57:21.630039644+01:00","Action":"cont","Package":"pkg.package-operator.run/cardboard/run","Test":"TestGlob/Target_is_older"}
{"Time":"2024-01-03T21:57:21.63004082+01:00","Action":"output","Package":"pkg.package-operator.run/cardboard/run","Test":"TestGlob/Target_is_older","Output":"=== CONT  TestGlob/Target_is_older\n"}
{"Time":"2024-01-03T21:57:21.630044689+01:00","Action":"output","Package":"pkg.package-operator.run/cardboard/run","Test":"TestGlob/Missing_target","Output":"--- PASS: TestGlob/Missing_target (0.00s)\n"}
{"Time":"2024-01-03T21:57:21.630094973+01:00","Action":"pass","Package":"pkg.package-operator.run/cardboard/run","Test":"TestGlob/Missing_target","Elapsed":0}
{"Time":"2024-01-03T21:57:21.63009679+01:00","Action":"output","Package":"pkg.package-operator.run/cardboard/run","Test":"TestGlob/Target_is_older","Output":"--- PASS: TestGlob/Target_is_older (0.00s)\n"}
{"Time":"2024-01-03T21:57:21.630291772+01:00","Action":"pass","Package":"pkg.package-operator.run/cardboard/run","Test":"TestGlob/Target_is_older","Elapsed":0}
{"Time":"2024-01-03T21:57:21.630293659+01:00","Action":"output","Package":"pkg.package-operator.run/cardboard/run","Test":"TestGlob","Output":"--- PASS: TestGlob (0.07s)\n"}
{"Time":"2024-01-03T21:57:21.630300593+01:00","Action":"pass","Package":"pkg.package-operator.run/cardboard/run","Test":"TestGlob","Elapsed":0.07}
{"Time":"2024-01-03T21:57:21.630312799+01:00","Action":"run","Package":"pkg.package-operator.run/cardboard/run","Test":"TestPath"}
{"Time":"2024-01-03T21:57:21.630314486+01:00","Action":"output","Package":"pkg.package-operator.run/cardboard/run","Test":"TestPath","Output":"=== RUN   TestPath\n"}
{"Time":"2024-01-03T21:57:21.671248115+01:00","Action":"run","Package":"pkg.package-operator.run/cardboard/run","Test":"TestPath/Missing_target"}
{"Time":"2024-01-03T21:57:21.671254466+01:00","Action":"output","Package":"pkg.package-operator.run/cardboard/run","Test":"TestPath/Missing_target","Output":"=== RUN   TestPath/Missing_target\n"}
{"Time":"2024-01-03T21:57:21.67125684+01:00","Action":"output","Package":"pkg.package-operator.run/cardboard/run","Test":"TestPath/Missing_target","Output":"=== PAUSE TestPath/Missing_target\n"}
{"Time":"2024-01-03T21:57:21.671258273+01:00","Action":"pause","Package":"pkg.package-operator.run/cardboard/run","Test":"TestPath/Missing_target"}
{"Time":"2024-01-03T21:57:21.671259787+01:00","Action":"run","Package":"pkg.package-operator.run/cardboard/run","Test":"TestPath/Target_is_newer"}
{"Time":"2024-01-03T21:57:21.671260825+01:00","Action":"output","Package":"pkg.package-operator.run/cardboard/run","Test":"TestPath/Target_is_newer","Output":"=== RUN   TestPath/Target_is_newer\n"}
{"Time":"2024-01-03T21:57:21.671262627+01:00","Action":"output","Package":"pkg.package-operator.run/cardboard/run","Test":"TestPath/Target_is_newer","Output":"=== PAUSE TestPath/Target_is_newer\n"}
{"Time":"2024-01-03T21:57:21.671263686+01:00","Action":"pause","Package":"pkg.package-operator.run/cardboard/run","Test":"TestPath/Target_is_newer"}
{"Time":"2024-01-03T21:57:21.671264909+01:00","Action":"run","Package":"pkg.package-operator.run/cardboard/run","Test":"TestPath/Target_is_older"}
{"Time":"2024-01-03T21:57:21.671272329+01:00","Action":"output","Package":"pkg.package-operator.run/cardboard/run","Test":"TestPath/Target_is_older","Output":"=== RUN   TestPath/Target_is_older\n"}
{"Time":"2024-01-03T21:57:21.671274728+01:00","Action":"output","Package":"pkg.package-operator.run/cardboard/run","Test":"TestPath/Target_is_older","Output":"=== PAUSE TestPath/Target_is_older\n"}
{"Time":"2024-01-03T21:57:21.671275861+01:00","Action":"pause","Package":"pkg.package-operator.run/cardboard/run","Test":"TestPath/Target_is_older"}
{"Time":"2024-01-03T21:57:21.671277617+01:00","Action":"run","Package":"pkg.package-operator.run/cardboard/run","Test":"TestPath/Source_is_older_dir"}
{"Time":"2024-01-03T21:57:21.671278611+01:00","Action":"output","Package":"pkg.package-operator.run/cardboard/run","Test":"TestPath/Source_is_older_dir","Output":"=== RUN   TestPath/Source_is_older_dir\n"}
{"Time":"2024-01-03T21:57:21.671291821+01:00","Action":"output","Package":"pkg.package-operator.run/cardboard/run","Test":"TestPath/Source_is_older_dir","Output":"=== PAUSE TestPath/Source_is_older_dir\n"}
{"Time":"2024-01-03T21:57:21.67129376+01:00","Action":"pause","Package":"pkg.package-operator.run/cardboard/run","Test":"TestPath/Source_is_older_dir"}
{"Time":"2024-01-03T21:57:21.671307717+01:00","Action":"run","Package":"pkg.package-operator.run/cardboard/run","Test":"TestPath/Source_is_newer_dir2"}
{"Time":"2024-01-03T21:57:21.671310083+01:00","Action":"output","Package":"pkg.package-operator.run/cardboard/run","Test":"TestPath/Source_is_newer_dir2","Output":"=== RUN   TestPath/Source_is_newer_dir2\n"}
{"Time":"2024-01-03T21:57:21.67132033+01:00","Action":"output","Package":"pkg.package-operator.run/cardboard/run","Test":"TestPath/Source_is_newer_dir2","Output":"=== PAUSE TestPath/Source_is_newer_dir2\n"}
{"Time":"2024-01-03T21:57:21.671340937+01:00","Action":"pause","Package":"pkg.package-operator.run/cardboard/run","Test":"TestPath/Source_is_newer_dir2"}
{"Time":"2024-01-03T21:57:21.671352314+01:00","Action":"run","Package":"pkg.package-operator.run/cardboard/run","Test":"TestPath/Source_is_newer_dir"}
{"Time":"2024-01-03T21:57:21.671370763+01:00","Action":"output","Package":"pkg.package-operator.run/cardboard/run","Test":"TestPath/Source_is_newer_dir","Output":"=== RUN   TestPath/Source_is_newer_dir\n"}
{"Time":"2024-01-03T21:57:21.671376984+01:00","Action":"output","Package":"pkg.package-operator.run/cardboard/run","Test":"TestPath/Source_is_newer_dir","Output":"=== PAUSE TestPath/Source_is_newer_dir\n"}
{"Time":"2024-01-03T21:57:21.671378502+01:00","Action":"pause","Package":"pkg.package-operator.run/cardboard/run","Test":"TestPath/Source_is_newer_dir"}
{"Time":"2024-01-03T21:57:21.671497161+01:00","Action":"run","Package":"pkg.package-operator.run/cardboard/run","Test":"TestPath/Target_is_newer;_expand_source"}
{"Time":"2024-01-03T21:57:21.671502627+01:00","Action":"output","Package":"pkg.package-operator.run/cardboard/run","Test":"TestPath/Target_is_newer;_expand_source","Output":"=== RUN   TestPath/Target_is_newer;_expand_source\n"}
{"Time":"2024-01-03T21:57:21.671505591+01:00","Action":"output","Package":"pkg.package-operator.run/cardboard/run","Test":"TestPath/Target_is_newer;_expand_source","Output":"=== PAUSE TestPath/Target_is_newer;_expand_source\n"}
{"Time":"2024-01-03T21:57:21.67150681+01:00","Action":"pause","Package":"pkg.package-operator.run/cardboard/run","Test":"TestPath/Target_is_newer;_expand_source"}
{"Time":"2024-01-03T21:57:21.67150852+01:00","Action":"run","Package":"pkg.package-operator.run/cardboard/run","Test":"TestPath/Target_is_older;_expand_dest"}
{"Time":"2024-01-03T21:57:21.671509717+01:00","Action":"output","Package":"pkg.package-operator.run/cardboard/run","Test":"TestPath/Target_is_older;_expand_dest","Output":"=== RUN   TestPath/Target_is_older;_expand_dest\n"}
{"Time":"2024-01-03T21:57:21.671511273+01:00","Action":"output","Package":"pkg.package-operator.run/cardboard/run","Test":"TestPath/Target_is_older;_expand_dest","Output":"=== PAUSE TestPath/Target_is_older;_expand_dest\n"}
{"Time":"2024-01-03T21:57:21.671512467+01:00","Action":"pause","Package":"pkg.package-operator.run/cardboard/run","Test":"TestPath/Target_is_older;_expand_dest"}
{"Time":"2024-01-03T21:57:21.671513911+01:00","Action":"cont","Package":"pkg.package-operator.run/cardboard/run","Test":"TestPath/Missing_target"}
{"Time":"2024-01-03T21:57:21.67151504+01:00","Action":"output","Package":"pkg.package-operator.run/cardboard/run","Test":"TestPath/Missing_target","Output":"=== CONT  TestPath/Missing_target\n"}
{"Time":"2024-01-03T21:57:21.671525483+01:00","Action":"output","Package":"pkg.package-operator.run/cardboard/run","Test":"TestPath/Missing_target","Output":"--- PASS: TestPath/Missing_target (0.00s)\n"}
{"Time":"2024-01-03T21:57:21.671533866+01:00","Action":"pass","Package":"pkg.package-operator.run/cardboard/run","Test":"TestPath/Missing_target","Elapsed":0}
{"Time":"2024-01-03T21:57:21.671535533+01:00","Action":"cont","Package":"pkg.package-operator.run/cardboard/run","Test":"TestPath/Target_is_older;_expand_dest"}
{"Time":"2024-01-03T21:57:21.671537153+01:00","Action":"output","Package":"pkg.package-operator.run/cardboard/run","Test":"TestPath/Target_is_older;_expand_dest","Output":"=== CONT  TestPath/Target_is_older;_expand_dest\n"}
{"Time":"2024-01-03T21:57:21.671562974+01:00","Action":"cont","Package":"pkg.package-operator.run/cardboard/run","Test":"TestPath/Source_is_newer_dir2"}
{"Time":"2024-01-03T21:57:21.671564615+01:00","Action":"output","Package":"pkg.package-operator.run/cardboard/run","Test":"TestPath/Source_is_newer_dir2","Output":"=== CONT  TestPath/Source_is_newer_dir2\n"}
{"Time":"2024-01-03T21:57:21.671587967+01:00","Action":"cont","Package":"pkg.package-operator.run/cardboard/run","Test":"TestPath/Target_is_older"}
{"Time":"2024-01-03T21:57:21.671589658+01:00","Action":"output","Package":"pkg.package-operator.run/cardboard/run","Test":"TestPath/Target_is_older","Output":"=== CONT  TestPath/Target_is_older\n"}
{"Time":"2024-01-03T21:57:21.671592319+01:00","Action":"cont","Package":"pkg.package-operator.run/cardboard/run","Test":"TestPath/Source_is_older_dir"}
{"Time":"2024-01-03T21:57:21.671594008+01:00","Action":"output","Package":"pkg.package-operator.run/cardboard/run","Test":"TestPath/Source_is_older_dir","Output":"=== CONT  TestPath/Source_is_older_dir\n"}
{"Time":"2024-01-03T21:57:21.671665638+01:00","Action":"cont","Package":"pkg.package-operator.run/cardboard/run","Test":"TestPath/Target_is_newer"}
{"Time":"2024-01-03T21:57:21.671667289+01:00","Action":"output","Package":"pkg.package-operator.run/cardboard/run","Test":"TestPath/Target_is_newer","Output":"=== CONT  TestPath/Target_is_newer\n"}
{"Time":"2024-01-03T21:57:21.671698704+01:00","Action":"output","Package":"pkg.package-operator.run/cardboard/run","Test":"TestPath/Target_is_older;_expand_dest","Output":"--- PASS: TestPath/Target_is_older;_expand_dest (0.00s)\n"}
{"Time":"2024-01-03T21:57:21.67171009+01:00","Action":"pass","Package":"pkg.package-operator.run/cardboard/run","Test":"TestPath/Target_is_older;_expand_dest","Elapsed":0}
{"Time":"2024-01-03T21:57:21.671711814+01:00","Action":"output","Package":"pkg.package-operator.run/cardboard/run","Test":"TestPath/Source_is_older_dir","Output":"--- PASS: TestPath/Source_is_older_dir (0.00s)\n"}
{"Time":"2024-01-03T21:57:21.671713854+01:00","Action":"pass","Package":"pkg.package-operator.run/cardboard/run","Test":"TestPath/Source_is_older_dir","Elapsed":0}
{"Time":"2024-01-03T21:57:21.671715035+01:00","Action":"cont","Package":"pkg.package-operator.run/cardboard/run","Test":"TestPath/Target_is_newer;_expand_source"}
{"Time":"2024-01-03T21:57:21.671716218+01:00","Action":"output","Package":"pkg.package-operator.run/cardboard/run","Test":"TestPath/Target_is_newer;_expand_source","Output":"=== CONT  TestPath/Target_is_newer;_expand_source\n"}
{"Time":"2024-01-03T21:57:21.671741337+01:00","Action":"cont","Package":"pkg.package-operator.run/cardboard/run","Test":"TestPath/Source_is_newer_dir"}
{"Time":"2024-01-03T21:57:21.671742978+01:00","Action":"output","Package":"pkg.package-operator.run/cardboard/run","Test":"TestPath/Source_is_newer_dir","Output":"=== CONT  TestPath/Source_is_newer_dir\n"}
{"Time":"2024-01-03T21:57:21.671752653+01:00","Action":"output","Package":"pkg.package-operator.run/cardboard/run","Test":"TestPath/Source_is_newer_dir2","Output":"--- PASS: TestPath/Source_is_newer_dir2 (0.00s)\n"}
{"Time":"2024-01-03T21:57:21.671765239+01:00","Action":"pass","Package":"pkg.package-operator.run/cardboard/run","Test":"TestPath/Source_is_newer_dir2","Elapsed":0}
{"Time":"2024-01-03T21:57:21.671766922+01:00","Action":"output","Package":"pkg.package-operator.run/cardboard/run","Test":"TestPath/Target_is_older","Output":"--- PASS: TestPath/Target_is_older (0.00s)\n"}
{"Time":"2024-01-03T21:57:21.671776911+01:00","Action":"pass","Package":"pkg.package-operator.run/cardboard/run","Test":"TestPath/Target_is_older","Elapsed":0}
{"Time":"2024-01-03T21:57:21.671778571+01:00","Action":"output","Package":"pkg.package-operator.run/cardboard/run","Test":"TestPath/Target_is_newer","Output":"--- PASS: TestPath/Target_is_newer (0.00s)\n"}
{"Time":"2024-01-03T21:57:21.671787185+01:00","Action":"pass","Package":"pkg.package-operator.run/cardboard/run","Test":"TestPath/Target_is_newer","Elapsed":0}
{"Time":"2024-01-03T21:57:21.671788803+01:00","Action":"output","Package":"pkg.package-operator.run/cardboard/run","Test":"TestPath/Target_is_newer;_expand_source","Output":"--- PASS: TestPath/Target_is_newer;_expand_source (0.00s)\n"}
{"Time":"2024-01-03T21:57:21.671806956+01:00","Action":"pass","Package":"pkg.package-operator.run/cardboard/run","Test":"TestPath/Target_is_newer;_expand_source","Elapsed":0}
{"Time":"2024-01-03T21:57:21.671808621+01:00","Action":"output","Package":"pkg.package-operator.run/cardboard/run","Test":"TestPath/Source_is_newer_dir","Output":"--- PASS: TestPath/Source_is_newer_dir (0.00s)\n"}
{"Time":"2024-01-03T21:57:21.6719503+01:00","Action":"pass","Package":"pkg.package-operator.run/cardboard/run","Test":"TestPath/Source_is_newer_dir","Elapsed":0}
{"Time":"2024-01-03T21:57:21.671952142+01:00","Action":"output","Package":"pkg.package-operator.run/cardboard/run","Test":"TestPath","Output":"--- PASS: TestPath (0.04s)\n"}
{"Time":"2024-01-03T21:57:21.67196071+01:00","Action":"pass","Package":"pkg.package-operator.run/cardboard/run","Test":"TestPath","Elapsed":0.04}
{"Time":"2024-01-03T21:57:21.67198256+01:00","Action":"run","Package":"pkg.package-operator.run/cardboard/run","Test":"TestDir"}
{"Time":"2024-01-03T21:57:21.671984389+01:00","Action":"output","Package":"pkg.package-operator.run/cardboard/run","Test":"TestDir","Output":"=== RUN   TestDir\n"}
{"Time":"2024-01-03T21:57:21.723333375+01:00","Action":"run","Package":"pkg.package-operator.run/cardboard/run","Test":"TestDir/Missing_target"}
{"Time":"2024-01-03T21:57:21.723338838+01:00","Action":"output","Package":"pkg.package-operator.run/cardboard/run","Test":"TestDir/Missing_target","Output":"=== RUN   TestDir/Missing_target\n"}
{"Time":"2024-01-03T21:57:21.723341242+01:00","Action":"output","Package":"pkg.package-operator.run/cardboard/run","Test":"TestDir/Missing_target","Output":"=== PAUSE TestDir/Missing_target\n"}
{"Time":"2024-01-03T21:57:21.723342418+01:00","Action":"pause","Package":"pkg.package-operator.run/cardboard/run","Test":"TestDir/Missing_target"}
{"Time":"2024-01-03T21:57:21.723344096+01:00","Action":"run","Package":"pkg.package-operator.run/cardboard/run","Test":"TestDir/Target_is_newer"}
{"Time":"2024-01-03T21:57:21.723351481+01:00","Action":"output","Package":"pkg.package-operator.run/cardboard/run","Test":"TestDir/Target_is_newer","Output":"=== RUN   TestDir/Target_is_newer\n"}
{"Time":"2024-01-03T21:57:21.723353185+01:00","Action":"output","Package":"pkg.package-operator.run/cardboard/run","Test":"TestDir/Target_is_newer","Output":"=== PAUSE TestDir/Target_is_newer\n"}
{"Time":"2024-01-03T21:57:21.723354326+01:00","Action":"pause","Package":"pkg.package-operator.run/cardboard/run","Test":"TestDir/Target_is_newer"}
{"Time":"2024-01-03T21:57:21.723355824+01:00","Action":"run","Package":"pkg.package-operator.run/cardboard/run","Test":"TestDir/Target_is_older"}
{"Time":"2024-01-03T21:57:21.723356847+01:00","Action":"output","Package":"pkg.package-operator.run/cardboard/run","Test":"TestDir/Target_is_older","Output":"=== RUN   TestDir/Target_is_older\n"}
{"Time":"2024-01-03T21:57:21.72335903+01:00","Action":"output","Package":"pkg.package-operator.run/cardboard/run","Test":"TestDir/Target_is_older","Output":"=== PAUSE TestDir/Target_is_older\n"}
{"Time":"2024-01-03T21:57:21.723360227+01:00","Action":"pause","Package":"pkg.package-operator.run/cardboard/run","Test":"TestDir/Target_is_older"}
{"Time":"2024-01-03T21:57:21.723362957+01:00","Action":"run","Package":"pkg.package-operator.run/cardboard/run","Test":"TestDir/Source_is_older_dir"}
{"Time":"2024-01-03T21:57:21.723365553+01:00","Action":"output","Package":"pkg.package-operator.run/cardboard/run","Test":"TestDir/Source_is_older_dir","Output":"=== RUN   TestDir/Source_is_older_dir\n"}
{"Time":"2024-01-03T21:57:21.723367035+01:00","Action":"output","Package":"pkg.package-operator.run/cardboard/run","Test":"TestDir/Source_is_older_dir","Output":"=== PAUSE TestDir/Source_is_older_dir\n"}
{"Time":"2024-01-03T21:57:21.723368287+01:00","Action":"pause","Package":"pkg.package-operator.run/cardboard/run","Test":"TestDir/Source_is_older_dir"}
{"Time":"2024-01-03T21:57:21.723386277+01:00","Action":"run","Package":"pkg.package-operator.run/cardboard/run","Test":"TestDir/Source_is_newer_dir"}
{"Time":"2024-01-03T21:57:21.723390922+01:00","Action":"output","Package":"pkg.package-operator.run/cardboard/run","Test":"TestDir/Source_is_newer_dir","Output":"=== RUN   TestDir/Source_is_newer_dir\n"}
{"Time":"2024-01-03T21:57:21.723531482+01:00","Action":"output","Package":"pkg.package-operator.run/cardboard/run","Test":"TestDir/Source_is_newer_dir","Output":"=== PAUSE TestDir/Source_is_newer_dir\n"}
{"Time":"2024-01-03T21:57:21.723537529+01:00","Action":"pause","Package":"pkg.package-operator.run/cardboard/run","Test":"TestDir/Source_is_newer_dir"}
{"Time":"2024-01-03T21:57:21.723539955+01:00","Action":"run","Package":"pkg.package-operator.run/cardboard/run","Test":"TestDir/Source_is_newer_subdir"}
{"Time":"2024-01-03T21:57:21.723541359+01:00","Action":"output","Package":"pkg.package-operator.run/cardboard/run","Test":"TestDir/Source_is_newer_subdir","Output":"=== RUN   TestDir/Source_is_newer_subdir\n"}
{"Time":"2024-01-03T21:57:21.723543147+01:00","Action":"output","Package":"pkg.package-operator.run/cardboard/run","Test":"TestDir/Source_is_newer_subdir","Output":"=== PAUSE TestDir/Source_is_newer_subdir\n"}
{"Time":"2024-01-03T21:57:21.72354445+01:00","Action":"pause","Package":"pkg.package-operator.run/cardboard/run","Test":"TestDir/Source_is_newer_subdir"}
{"Time":"2024-01-03T21:57:21.723546977+01:00","Action":"run","Package":"pkg.package-operator.run/cardboard/run","Test":"TestDir/Target_is_newer_(with_env_expansion)"}
{"Time":"2024-01-03T21:57:21.723548705+01:00","Action":"output","Package":"pkg.package-operator.run/cardboard/run","Test":"TestDir/Target_is_newer_(with_env_expansion)","Output":"=== RUN   TestDir/Target_is_newer_(with_env_expansion)\n"}
{"Time":"2024-01-03T21:57:21.723555747+01:00","Action":"output","Package":"pkg.package-operator.run/cardboard/run","Test":"TestDir/Target_is_newer_(with_env_expansion)","Output":"=== PAUSE TestDir/Target_is_newer_(with_env_expansion)\n"}
{"Time":"2024-01-03T21:57:21.72355776+01:00","Action":"pause","Package":"pkg.package-operator.run/cardboard/run","Test":"TestDir/Target_is_newer_(with_env_expansion)"}
{"Time":"2024-01-03T21:57:21.723560349+01:00","Action":"run","Package":"pkg.package-operator.run/cardboard/run","Test":"TestDir/Target_is_older_(with_env_expansion)"}
{"Time":"2024-01-03T21:57:21.723561605+01:00","Action":"output","Package":"pkg.package-operator.run/cardboard/run","Test":"TestDir/Target_is_older_(with_env_expansion)","Output":"=== RUN   TestDir/Target_is_older_(with_env_expansion)\n"}
{"Time":"2024-01-03T21:57:21.723563161+01:00","Action":"output","Package":"pkg.package-operator.run/cardboard/run","Test":"TestDir/Target_is_older_(with_env_expansion)","Output":"=== PAUSE TestDir/Target_is_older_(with_env_expansion)\n"}
{"Time":"2024-01-03T21:57:21.72356443+01:00","Action":"pause","Package":"pkg.package-operator.run/cardboard/run","Test":"TestDir/Target_is_older_(with_env_expansion)"}
{"Time":"2024-01-03T21:57:21.723565832+01:00","Action":"run","Package":"pkg.package-operator.run/cardboard/run","Test":"TestDir/Source_is_older_dir_(with_env_expansion)"}
{"Time":"2024-01-03T21:57:21.723567011+01:00","Action":"output","Package":"pkg.package-operator.run/cardboard/run","Test":"TestDir/Source_is_older_dir_(with_env_expansion)","Output":"=== RUN   TestDir/Source_is_older_dir_(with_env_expansion)\n"}
{"Time":"2024-01-03T21:57:21.723578592+01:00","Action":"output","Package":"pkg.package-operator.run/cardboard/run","Test":"TestDir/Source_is_older_dir_(with_env_expansion)","Output":"=== PAUSE TestDir/Source_is_older_dir_(with_env_expansion)\n"}
{"Time":"2024-01-03T21:57:21.723580318+01:00","Action":"pause","Package":"pkg.package-operator.run/cardboard/run","Test":"TestDir/Source_is_older_dir_(with_env_expansion)"}
{"Time":"2024-01-03T21:57:21.723598549+01:00","Action":"run","Package":"pkg.package-operator.run/cardboard/run","Test":"TestDir/Source_is_newer_dir_(with_env_expansion)"}
{"Time":"2024-01-03T21:57:21.723600276+01:00","Action":"output","Package":"pkg.package-operator.run/cardboard/run","Test":"TestDir/Source_is_newer_dir_(with_env_expansion)","Output":"=== RUN   TestDir/Source_is_newer_dir_(with_env_expansion)\n"}
{"Time":"2024-01-03T21:57:21.723612602+01:00","Action":"output","Package":"pkg.package-operator.run/cardboard/run","Test":"TestDir/Source_is_newer_dir_(with_env_expansion)","Output":"=== PAUSE TestDir/Source_is_newer_dir_(with_env_expansion)\n"}
{"Time":"2024-01-03T21:57:21.723614397+01:00","Action":"pause","Package":"pkg.package-operator.run/cardboard/run","Test":"TestDir/Source_is_newer_dir_(with_env_expansion)"}
{"Time":"2024-01-03T21:57:21.72362984+01:00","Action":"run","Package":"pkg.package-operator.run/cardboard/run","Test":"TestDir/Source_file_is_newer_than_dst_dir"}
{"Time":"2024-01-03T21:57:21.723631447+01:00","Action":"output","Package":"pkg.package-operator.run/cardboard/run","Test":"TestDir/Source_file_is_newer_than_dst_dir","Output":"=== RUN   TestDir/Source_file_is_newer_than_dst_dir\n"}
{"Time":"2024-01-03T21:57:21.72365126+01:00","Action":"output","Package":"pkg.package-operator.run/cardboard/run","Test":"TestDir/Source_file_is_newer_than_dst_dir","Output":"=== PAUSE TestDir/Source_file_is_newer_than_dst_dir\n"}
{"Time":"2024-01-03T21:57:21.723652984+01:00","Action":"pause","Package":"pkg.package-operator.run/cardboard/run","Test":"TestDir/Source_file_is_newer_than_dst_dir"}
{"Time":"2024-01-03T21:57:21.723667942+01:00","Action":"run","Package":"pkg.package-operator.run/cardboard/run","Test":"TestDir/Source_file_is_not_newer_than_dst_dir"}
{"Time":"2024-01-03T21:57:21.723669565+01:00","Action":"output","Package":"pkg.package-operator.run/cardboard/run","Test":"TestDir/Source_file_is_not_newer_than_dst_dir","Output":"=== RUN   TestDir/Source_file_is_not_newer_than_dst_dir\n"}
{"Time":"2024-01-03T21:57:21.723684944+01:00","Action":"output","Package":"pkg.package-operator.run/cardboard/run","Test":"TestDir/Source_file_is_not_newer_than_dst_dir","Output":"=== PAUSE TestDir/Source_file_is_not_newer_than_dst_dir\n"}
{"Time":"2024-01-03T21:57:21.723686685+01:00","Action":"pause","Package":"pkg.package-operator.run/cardboard/run","Test":"TestDir/Source_file_is_not_newer_than_dst_dir"}
{"Time":"2024-01-03T21:57:21.723701673+01:00","Action":"cont","Package":"pkg.package-operator.run/cardboard/run","Test":"TestDir/Missing_target"}
{"Time":"2024-01-03T21:57:21.723703244+01:00","Action":"output","Package":"pkg.package-operator.run/cardboard/run","Test":"TestDir/Missing_target","Output":"=== CONT  TestDir/Missing_target\n"}
{"Time":"2024-01-03T21:57:21.723743874+01:00","Action":"cont","Package":"pkg.package-operator.run/cardboard/run","Test":"TestDir/Target_is_newer_(with_env_expansion)"}
{"Time":"2024-01-03T21:57:21.723745848+01:00","Action":"output","Package":"pkg.package-operator.run/cardboard/run","Test":"TestDir/Target_is_newer_(with_env_expansion)","Output":"=== CONT  TestDir/Target_is_newer_(with_env_expansion)\n"}
{"Time":"2024-01-03T21:57:21.72378224+01:00","Action":"cont","Package":"pkg.package-operator.run/cardboard/run","Test":"TestDir/Source_is_newer_dir_(with_env_expansion)"}
{"Time":"2024-01-03T21:57:21.723788239+01:00","Action":"output","Package":"pkg.package-operator.run/cardboard/run","Test":"TestDir/Source_is_newer_dir_(with_env_expansion)","Output":"=== CONT  TestDir/Source_is_newer_dir_(with_env_expansion)\n"}
{"Time":"2024-01-03T21:57:21.723791693+01:00","Action":"cont","Package":"pkg.package-operator.run/cardboard/run","Test":"TestDir/Source_is_older_dir_(with_env_expansion)"}
{"Time":"2024-01-03T21:57:21.72379316+01:00","Action":"output","Package":"pkg.package-operator.run/cardboard/run","Test":"TestDir/Source_is_older_dir_(with_env_expansion)","Output":"=== CONT  TestDir/Source_is_older_dir_(with_env_expansion)\n"}
{"Time":"2024-01-03T21:57:21.723822205+01:00","Action":"cont","Package":"pkg.package-operator.run/cardboard/run","Test":"TestDir/Source_file_is_newer_than_dst_dir"}
{"Time":"2024-01-03T21:57:21.723823952+01:00","Action":"output","Package":"pkg.package-operator.run/cardboard/run","Test":"TestDir/Source_file_is_newer_than_dst_dir","Output":"=== CONT  TestDir/Source_file_is_newer_than_dst_dir\n"}
{"Time":"2024-01-03T21:57:21.723876162+01:00","Action":"cont","Package":"pkg.package-operator.run/cardboard/run","Test":"TestDir/Source_is_older_dir"}
{"Time":"2024-01-03T21:57:21.723878228+01:00","Action":"output","Package":"pkg.package-operator.run/cardboard/run","Test":"TestDir/Source_is_older_dir","Output":"=== CONT  TestDir/Source_is_older_dir\n"}
{"Time":"2024-01-03T21:57:21.723925299+01:00","Action":"cont","Package":"pkg.package-operator.run/cardboard/run","Test":"TestDir/Source_is_newer_dir"}
{"Time":"2024-01-03T21:57:21.723926837+01:00","Action":"output","Package":"pkg.package-operator.run/cardboard/run","Test":"TestDir/Source_is_newer_dir","Output":"=== CONT  TestDir/Source_is_newer_dir\n"}
{"Time":"2024-01-03T21:57:21.72393844+01:00","Action":"cont","Package":"pkg.package-operator.run/cardboard/run","Test":"TestDir/Source_file_is_not_newer_than_dst_dir"}
{"Time":"2024-01-03T21:57:21.723940002+01:00","Action":"output","Package":"pkg.package-operator.run/cardboard/run","Test":"TestDir/Source_file_is_not_newer_than_dst_dir","Output":"=== CONT  TestDir/Source_file_is_not_newer_than_dst_dir\n"}
{"Time":"2024-01-03T21:57:21.723956513+01:00","Action":"cont","Package":"pkg.package-operator.run/cardboard/run","Test":"TestDir/Source_is_newer_subdir"}
{"Time":"2024-01-03T21:57:21.723958193+01:00","Action":"output","Package":"pkg.package-operator.run/cardboard/run","Test":"TestDir/Source_is_newer_subdir","Output":"=== CONT  TestDir/Source_is_newer_subdir\n"}
{"Time":"2024-01-03T21:57:21.723967377+01:00","Action":"cont","Package":"pkg.package-operator.run/cardboard/run","Test":"TestDir/Target_is_older_(with_env_expansion)"}
{"Time":"2024-01-03T21:57:21.723968955+01:00","Action":"output","Package":"pkg.package-operator.run/cardboard/run","Test":"TestDir/Target_is_older_(with_env_expansion)","Output":"=== CONT  TestDir/Target_is_older_(with_env_expansion)\n"}
{"Time":"2024-01-03T21:57:21.724009642+01:00","Action":"cont","Package":"pkg.package-operator.run/cardboard/run","Test":"TestDir/Target_is_newer"}
{"Time":"2024-01-03T21:57:21.724011181+01:00","Action":"output","Package":"pkg.package-operator.run/cardboard/run","Test":"TestDir/Target_is_newer","Output":"=== CONT  TestDir/Target_is_newer\n"}
{"Time":"2024-01-03T21:57:21.724030684+01:00","Action":"cont","Package":"pkg.package-operator.run/cardboard/run","Test":"TestDir/Target_is_older"}
{"Time":"2024-01-03T21:57:21.724032273+01:00","Action":"output","Package":"pkg.package-operator.run/cardboard/run","Test":"TestDir/Target_is_older","Output":"=== CONT  TestDir/Target_is_older\n"}
{"Time":"2024-01-03T21:57:21.724041156+01:00","Action":"output","Package":"pkg.package-operator.run/cardboard/run","Test":"TestDir/Missing_target","Output":"--- PASS: TestDir/Missing_target (0.00s)\n"}
{"Time":"2024-01-03T21:57:21.724049745+01:00","Action":"pass","Package":"pkg.package-operator.run/cardboard/run","Test":"TestDir/Missing_target","Elapsed":0}
{"Time":"2024-01-03T21:57:21.724051772+01:00","Action":"output","Package":"pkg.package-operator.run/cardboard/run","Test":"TestDir/Target_is_older_(with_env_expansion)","Output":"--- PASS: TestDir/Target_is_older_(with_env_expansion) (0.00s)\n"}
{"Time":"2024-01-03T21:57:21.724065741+01:00","Action":"pass","Package":"pkg.package-operator.run/cardboard/run","Test":"TestDir/Target_is_older_(with_env_expansion)","Elapsed":0}
{"Time":"2024-01-03T21:57:21.724067451+01:00","Action":"output","Package":"pkg.package-operator.run/cardboard/run","Test":"TestDir/Source_is_newer_dir_(with_env_expansion)","Output":"--- PASS: TestDir/Source_is_newer_dir_(with_env_expansion) (0.00s)\n"}
{"Time":"2024-01-03T21:57:21.7240746+01:00","Action":"pass","Package":"pkg.package-operator.run/cardboard/run","Test":"TestDir/Source_is_newer_dir_(with_env_expansion)","Elapsed":0}
{"Time":"2024-01-03T21:57:21.724076259+01:00","Action":"output","Package":"pkg.package-operator.run/cardboard/run","Test":"TestDir/Source_is_older_dir_(with_env_expansion)","Output":"--- PASS: TestDir/Source_is_older_dir_(with_env_expansion) (0.00s)\n"}
{"Time":"2024-01-03T21:57:21.724083657+01:00","Action":"pass","Package":"pkg.package-operator.run/cardboard/run","Test":"TestDir/Source_is_older_dir_(with_env_expansion)","Elapsed":0}
{"Time":"2024-01-03T21:57:21.72408539+01:00","Action":"output","Package":"pkg.package-operator.run/cardboard/run","Test":"TestDir/Target_is_older","Output":"--- PASS: TestDir/Target_is_older (0.00s)\n"}
{"Time":"2024-01-03T21:57:21.724096156+01:00","Action":"pass","Package":"pkg.package-operator.run/cardboard/run","Test":"TestDir/Target_is_older","Elapsed":0}
{"Time":"2024-01-03T21:57:21.72409778+01:00","Action":"output","Package":"pkg.package-operator.run/cardboard/run","Test":"TestDir/Source_file_is_newer_than_dst_dir","Output":"--- PASS: TestDir/Source_file_is_newer_than_dst_dir (0.00s)\n"}
{"Time":"2024-01-03T21:57:21.724107087+01:00","Action":"pass","Package":"pkg.package-operator.run/cardboard/run","Test":"TestDir/Source_file_is_newer_than_dst_dir","Elapsed":0}
{"Time":"2024-01-03T21:57:21.72410899+01:00","Action":"output","Package":"pkg.package-operator.run/cardboard/run","Test":"TestDir/Source_is_older_dir","Output":"--- PASS: TestDir/Source_is_older_dir (0.00s)\n"}
{"Time":"2024-01-03T21:57:21.724118595+01:00","Action":"pass","Package":"pkg.package-operator.run/cardboard/run","Test":"TestDir/Source_is_older_dir","Elapsed":0}
{"Time":"2024-01-03T21:57:21.724120561+01:00","Action":"output","Package":"pkg.package-operator.run/cardboard/run","Test":"TestDir/Source_file_is_not_newer_than_dst_dir","Output":"--- PASS: TestDir/Source_file_is_not_newer_than_dst_dir (0.00s)\n"}
{"Time":"2024-01-03T21:57:21.724130506+01:00","Action":"pass","Package":"pkg.package-operator.run/cardboard/run","Test":"TestDir/Source_file_is_not_newer_than_dst_dir","Elapsed":0}
{"Time":"2024-01-03T21:57:21.724132141+01:00","Action":"output","Package":"pkg.package-operator.run/cardboard/run","Test":"TestDir/Source_is_newer_dir","Output":"--- PASS: TestDir/Source_is_newer_dir (0.00s)\n"}
{"Time":"2024-01-03T21:57:21.72414101+01:00","Action":"pass","Package":"pkg.package-operator.run/cardboard/run","Test":"TestDir/Source_is_newer_dir","Elapsed":0}
{"Time":"2024-01-03T21:57:21.724142662+01:00","Action":"output","Package":"pkg.package-operator.run/cardboard/run","Test":"TestDir/Source_is_newer_subdir","Output":"--- PASS: TestDir/Source_is_newer_subdir (0.00s)\n"}
{"Time":"2024-01-03T21:57:21.724149902+01:00","Action":"pass","Package":"pkg.package-operator.run/cardboard/run","Test":"TestDir/Source_is_newer_subdir","Elapsed":0}
{"Time":"2024-01-03T21:57:21.724154171+01:00","Action":"output","Package":"pkg.package-operator.run/cardboard/run","Test":"TestDir/Target_is_newer_(with_env_expansion)","Output":"--- PASS: TestDir/Target_is_newer_(with_env_expansion) (0.00s)\n"}
{"Time":"2024-01-03T21:57:21.724167689+01:00","Action":"pass","Package":"pkg.package-operator.run/cardboard/run","Test":"TestDir/Target_is_newer_(with_env_expansion)","Elapsed":0}
{"Time":"2024-01-03T21:57:21.724169359+01:00","Action":"output","Package":"pkg.package-operator.run/cardboard/run","Test":"TestDir/Target_is_newer","Output":"--- PASS: TestDir/Target_is_newer (0.00s)\n"}
{"Time":"2024-01-03T21:57:21.724335368+01:00","Action":"pass","Package":"pkg.package-operator.run/cardboard/run","Test":"TestDir/Target_is_newer","Elapsed":0}
{"Time":"2024-01-03T21:57:21.724337285+01:00","Action":"output","Package":"pkg.package-operator.run/cardboard/run","Test":"TestDir","Output":"--- PASS: TestDir (0.05s)\n"}
{"Time":"2024-01-03T21:57:21.724344142+01:00","Action":"pass","Package":"pkg.package-operator.run/cardboard/run","Test":"TestDir","Elapsed":0.05}
{"Time":"2024-01-03T21:57:21.724364982+01:00","Action":"cont","Package":"pkg.package-operator.run/cardboard/run","Test":"Test_funcID"}
{"Time":"2024-01-03T21:57:21.724366691+01:00","Action":"output","Package":"pkg.package-operator.run/cardboard/run","Test":"Test_funcID","Output":"=== CONT  Test_funcID\n"}
{"Time":"2024-01-03T21:57:21.724373373+01:00","Action":"cont","Package":"pkg.package-operator.run/cardboard/run","Test":"TestDirMissingSrc"}
{"Time":"2024-01-03T21:57:21.724374893+01:00","Action":"output","Package":"pkg.package-operator.run/cardboard/run","Test":"TestDirMissingSrc","Output":"=== CONT  TestDirMissingSrc\n"}
{"Time":"2024-01-03T21:57:21.724380408+01:00","Action":"cont","Package":"pkg.package-operator.run/cardboard/run","Test":"TestDirMissingDest"}
{"Time":"2024-01-03T21:57:21.724382698+01:00","Action":"output","Package":"pkg.package-operator.run/cardboard/run","Test":"TestDirMissingDest","Output":"=== CONT  TestDirMissingDest\n"}
{"Time":"2024-01-03T21:57:21.724396188+01:00","Action":"cont","Package":"pkg.package-operator.run/cardboard/run","Test":"TestOldestModTime"}
{"Time":"2024-01-03T21:57:21.724397719+01:00","Action":"output","Package":"pkg.package-operator.run/cardboard/run","Test":"TestOldestModTime","Output":"=== CONT  TestOldestModTime\n"}
{"Time":"2024-01-03T21:57:21.724405642+01:00","Action":"run","Package":"pkg.package-operator.run/cardboard/run","Test":"Test_funcID/closure"}
{"Time":"2024-01-03T21:57:21.724408026+01:00","Action":"output","Package":"pkg.package-operator.run/cardboard/run","Test":"Test_funcID/closure","Output":"=== RUN   Test_funcID/closure\n"}
{"Time":"2024-01-03T21:57:21.724430478+01:00","Action":"cont","Package":"pkg.package-operator.run/cardboard/run","Test":"TestPathMissingSource"}
{"Time":"2024-01-03T21:57:21.72443771+01:00","Action":"output","Package":"pkg.package-operator.run/cardboard/run","Test":"TestPathMissingSource","Output":"=== CONT  TestPathMissingSource\n"}
{"Time":"2024-01-03T21:57:21.724445708+01:00","Action":"cont","Package":"pkg.package-operator.run/cardboard/run","Test":"TestNewDependencyRun_Serial"}
{"Time":"2024-01-03T21:57:21.724448171+01:00","Action":"output","Package":"pkg.package-operator.run/cardboard/run","Test":"TestNewDependencyRun_Serial","Output":"=== CONT  TestNewDependencyRun_Serial\n"}
{"Time":"2024-01-03T21:57:21.724453823+01:00","Action":"output","Package":"pkg.package-operator.run/cardboard/run","Test":"Test_funcID/closure","Output":"=== PAUSE Test_funcID/closure\n"}
{"Time":"2024-01-03T21:57:21.724456125+01:00","Action":"pause","Package":"pkg.package-operator.run/cardboard/run","Test":"Test_funcID/closure"}
{"Time":"2024-01-03T21:57:21.724483329+01:00","Action":"run","Package":"pkg.package-operator.run/cardboard/run","Test":"TestNewDependencyRun_Serial/returns_error"}
{"Time":"2024-01-03T21:57:21.724486623+01:00","Action":"output","Package":"pkg.package-operator.run/cardboard/run","Test":"TestNewDependencyRun_Serial/returns_error","Output":"=== RUN   TestNewDependencyRun_Serial/returns_error\n"}
{"Time":"2024-01-03T21:57:21.724489706+01:00","Action":"run","Package":"pkg.package-operator.run/cardboard/run","Test":"Test_funcID/pointer_method"}
{"Time":"2024-01-03T21:57:21.724491716+01:00","Action":"output","Package":"pkg.package-operator.run/cardboard/run","Test":"Test_funcID/pointer_method","Output":"=== RUN   Test_funcID/pointer_method\n"}
{"Time":"2024-01-03T21:57:21.724501831+01:00","Action":"output","Package":"pkg.package-operator.run/cardboard/run","Test":"TestDirMissingSrc","Output":"--- PASS: TestDirMissingSrc (0.00s)\n"}
{"Time":"2024-01-03T21:57:21.72450588+01:00","Action":"pass","Package":"pkg.package-operator.run/cardboard/run","Test":"TestDirMissingSrc","Elapsed":0}
{"Time":"2024-01-03T21:57:21.724508438+01:00","Action":"cont","Package":"pkg.package-operator.run/cardboard/run","Test":"TestGlobEmptyGlob"}
{"Time":"2024-01-03T21:57:21.724510493+01:00","Action":"output","Package":"pkg.package-operator.run/cardboard/run","Test":"TestGlobEmptyGlob","Output":"=== CONT  TestGlobEmptyGlob\n"}
{"Time":"2024-01-03T21:57:21.724513242+01:00","Action":"output","Package":"pkg.package-operator.run/cardboard/run","Test":"Test_funcID/pointer_method","Output":"=== PAUSE Test_funcID/pointer_method\n"}
{"Time":"2024-01-03T21:57:21.724515318+01:00","Action":"pause","Package":"pkg.package-operator.run/cardboard/run","Test":"Test_funcID/pointer_method"}
{"Time":"2024-01-03T21:57:21.724520621+01:00","Action":"output","Package":"pkg.package-operator.run/cardboard/run","Test":"TestNewDependencyRun_Serial/returns_error","Output":"=== PAUSE TestNewDependencyRun_Serial/returns_error\n"}
{"Time":"2024-01-03T21:57:21.724523349+01:00","Action":"pause","Package":"pkg.package-operator.run/cardboard/run","Test":"TestNewDependencyRun_Serial/returns_error"}
{"Time":"2024-01-03T21:57:21.724541242+01:00","Action":"cont","Package":"pkg.package-operator.run/cardboard/run","Test":"TestNewDependencyRun_Parallel"}
{"Time":"2024-01-03T21:57:21.724545237+01:00","Action":"output","Package":"pkg.package-operator.run/cardboard/run","Test":"TestNewDependencyRun_Parallel","Output":"=== CONT  TestNewDependencyRun_Parallel\n"}
{"Time":"2024-01-03T21:57:21.724548909+01:00","Action":"run","Package":"pkg.package-operator.run/cardboard/run","Test":"Test_funcID/value_method"}
{"Time":"2024-01-03T21:57:21.724551321+01:00","Action":"output","Package":"pkg.package-operator.run/cardboard/run","Test":"Test_funcID/value_method","Output":"=== RUN   Test_funcID/value_method\n"}
{"Time":"2024-01-03T21:57:21.724591768+01:00","Action":"output","Package":"pkg.package-operator.run/cardboard/run","Test":"TestPathMissingSource","Output":"--- PASS: TestPathMissingSource (0.00s)\n"}
{"Time":"2024-01-03T21:57:21.724611349+01:00","Action":"pass","Package":"pkg.package-operator.run/cardboard/run","Test":"TestPathMissingSource","Elapsed":0}
{"Time":"2024-01-03T21:57:21.72461352+01:00","Action":"cont","Package":"pkg.package-operator.run/cardboard/run","Test":"TestNewestModTime"}
{"Time":"2024-01-03T21:57:21.724614689+01:00","Action":"output","Package":"pkg.package-operator.run/cardboard/run","Test":"TestNewestModTime","Output":"=== CONT  TestNewestModTime\n"}
{"Time":"2024-01-03T21:57:21.724663378+01:00","Action":"run","Package":"pkg.package-operator.run/cardboard/run","Test":"TestNewDependencyRun_Serial/simple"}
{"Time":"2024-01-03T21:57:21.724665009+01:00","Action":"output","Package":"pkg.package-operator.run/cardboard/run","Test":"TestNewDependencyRun_Serial/simple","Output":"=== RUN   TestNewDependencyRun_Serial/simple\n"}
{"Time":"2024-01-03T21:57:21.72469185+01:00","Action":"output","Package":"pkg.package-operator.run/cardboard/run","Test":"TestNewDependencyRun_Serial/simple","Output":"=== PAUSE TestNewDependencyRun_Serial/simple\n"}
{"Time":"2024-01-03T21:57:21.724693563+01:00","Action":"pause","Package":"pkg.package-operator.run/cardboard/run","Test":"TestNewDependencyRun_Serial/simple"}
{"Time":"2024-01-03T21:57:21.724702365+01:00","Action":"cont","Package":"pkg.package-operator.run/cardboard/run","Test":"TestPathMissingDest"}
{"Time":"2024-01-03T21:57:21.724704896+01:00","Action":"output","Package":"pkg.package-operator.run/cardboard/run","Test":"TestPathMissingDest","Output":"=== CONT  TestPathMissingDest\n"}
{"Time":"2024-01-03T21:57:21.724746345+01:00","Action":"run","Package":"pkg.package-operator.run/cardboard/run","Test":"TestNewDependencyRun_Parallel/returns_errors"}
{"Time":"2024-01-03T21:57:21.724748134+01:00","Action":"output","Package":"pkg.package-operator.run/cardboard/run","Test":"TestNewDependencyRun_Parallel/returns_errors","Output":"=== RUN   TestNewDependencyRun_Parallel/returns_errors\n"}
{"Time":"2024-01-03T21:57:21.724789238+01:00","Action":"output","Package":"pkg.package-operator.run/cardboard/run","Test":"TestNewDependencyRun_Parallel/returns_errors","Output":"=== PAUSE TestNewDependencyRun_Parallel/returns_errors\n"}
{"Time":"2024-01-03T21:57:21.724790919+01:00","Action":"pause","Package":"pkg.package-operator.run/cardboard/run","Test":"TestNewDependencyRun_Parallel/returns_errors"}
{"Time":"2024-01-03T21:57:21.724808438+01:00","Action":"output","Package":"pkg.package-operator.run/cardboard/run","Test":"Test_funcID/value_method","Output":"=== PAUSE Test_funcID/value_method\n"}
{"Time":"2024-01-03T21:57:21.724810052+01:00","Action":"pause","Package":"pkg.package-operator.run/cardboard/run","Test":"Test_funcID/value_method"}
{"Time":"2024-01-03T21:57:21.724826255+01:00","Action":"output","Package":"pkg.package-operator.run/cardboard/run","Test":"TestDirMissingDest","Output":"--- PASS: TestDirMissingDest (0.00s)\n"}
{"Time":"2024-01-03T21:57:21.724840798+01:00","Action":"pass","Package":"pkg.package-operator.run/cardboard/run","Test":"TestDirMissingDest","Elapsed":0}
{"Time":"2024-01-03T21:57:21.724842524+01:00","Action":"output","Package":"pkg.package-operator.run/cardboard/run","Test":"TestGlobEmptyGlob","Output":"--- PASS: TestGlobEmptyGlob (0.00s)\n"}
{"Time":"2024-01-03T21:57:21.724855009+01:00","Action":"pass","Package":"pkg.package-operator.run/cardboard/run","Test":"TestGlobEmptyGlob","Elapsed":0}
{"Time":"2024-01-03T21:57:21.724856652+01:00","Action":"output","Package":"pkg.package-operator.run/cardboard/run","Test":"TestPathMissingDest","Output":"--- PASS: TestPathMissingDest (0.00s)\n"}
{"Time":"2024-01-03T21:57:21.724867703+01:00","Action":"pass","Package":"pkg.package-operator.run/cardboard/run","Test":"TestPathMissingDest","Elapsed":0}
{"Time":"2024-01-03T21:57:21.724884413+01:00","Action":"run","Package":"pkg.package-operator.run/cardboard/run","Test":"TestNewDependencyRun_Serial/simple_err"}
{"Time":"2024-01-03T21:57:21.724886138+01:00","Action":"output","Package":"pkg.package-operator.run/cardboard/run","Test":"TestNewDependencyRun_Serial/simple_err","Output":"=== RUN   TestNewDependencyRun_Serial/simple_err\n"}
{"Time":"2024-01-03T21:57:21.724903998+01:00","Action":"run","Package":"pkg.package-operator.run/cardboard/run","Test":"TestNewDependencyRun_Parallel/simple"}
{"Time":"2024-01-03T21:57:21.72490574+01:00","Action":"output","Package":"pkg.package-operator.run/cardboard/run","Test":"TestNewDependencyRun_Parallel/simple","Output":"=== RUN   TestNewDependencyRun_Parallel/simple\n"}
{"Time":"2024-01-03T21:57:21.724912948+01:00","Action":"run","Package":"pkg.package-operator.run/cardboard/run","Test":"Test_funcID/function"}
{"Time":"2024-01-03T21:57:21.724914565+01:00","Action":"output","Package":"pkg.package-operator.run/cardboard/run","Test":"Test_funcID/function","Output":"=== RUN   Test_funcID/function\n"}
{"Time":"2024-01-03T21:57:21.724917808+01:00","Action":"output","Package":"pkg.package-operator.run/cardboard/run","Test":"TestNewDependencyRun_Serial/simple_err","Output":"=== PAUSE TestNewDependencyRun_Serial/simple_err\n"}
{"Time":"2024-01-03T21:57:21.724919289+01:00","Action":"pause","Package":"pkg.package-operator.run/cardboard/run","Test":"TestNewDependencyRun_Serial/simple_err"}
{"Time":"2024-01-03T21:57:21.724930187+01:00","Action":"output","Package":"pkg.package-operator.run/cardboard/run","Test":"TestNewDependencyRun_Parallel/simple","Output":"=== PAUSE TestNewDependencyRun_Parallel/simple\n"}
{"Time":"2024-01-03T21:57:21.724931798+01:00","Action":"pause","Package":"pkg.package-operator.run/cardboard/run","Test":"TestNewDependencyRun_Parallel/simple"}
{"Time":"2024-01-03T21:57:21.724962794+01:00","Action":"run","Package":"pkg.package-operator.run/cardboard/run","Test":"TestNewDependencyRun_Parallel/simple_err"}
{"Time":"2024-01-03T21:57:21.724964871+01:00","Action":"output","Package":"pkg.package-operator.run/cardboard/run","Test":"TestNewDependencyRun_Parallel/simple_err","Output":"=== RUN   TestNewDependencyRun_Parallel/simple_err\n"}
{"Time":"2024-01-03T21:57:21.724994327+01:00","Action":"run","Package":"pkg.package-operator.run/cardboard/run","Test":"TestNewDependencyRun_Serial/context_err"}
{"Time":"2024-01-03T21:57:21.724996135+01:00","Action":"output","Package":"pkg.package-operator.run/cardboard/run","Test":"TestNewDependencyRun_Serial/context_err","Output":"=== RUN   TestNewDependencyRun_Serial/context_err\n"}
{"Time":"2024-01-03T21:57:21.725005149+01:00","Action":"output","Package":"pkg.package-operator.run/cardboard/run","Test":"TestNewDependencyRun_Parallel/simple_err","Output":"=== PAUSE TestNewDependencyRun_Parallel/simple_err\n"}
{"Time":"2024-01-03T21:57:21.725006754+01:00","Action":"pause","Package":"pkg.package-operator.run/cardboard/run","Test":"TestNewDependencyRun_Parallel/simple_err"}
{"Time":"2024-01-03T21:57:21.725024909+01:00","Action":"run","Package":"pkg.package-operator.run/cardboard/run","Test":"TestNewDependencyRun_Parallel/context_err"}
{"Time":"2024-01-03T21:57:21.725026525+01:00","Action":"output","Package":"pkg.package-operator.run/cardboard/run","Test":"TestNewDependencyRun_Parallel/context_err","Output":"=== RUN   TestNewDependencyRun_Parallel/context_err\n"}
{"Time":"2024-01-03T21:57:21.725038526+01:00","Action":"output","Package":"pkg.package-operator.run/cardboard/run","Test":"TestNewDependencyRun_Parallel/context_err","Output":"=== PAUSE TestNewDependencyRun_Parallel/context_err\n"}
{"Time":"2024-01-03T21:57:21.725040129+01:00","Action":"pause","Package":"pkg.package-operator.run/cardboard/run","Test":"TestNewDependencyRun_Parallel/context_err"}
{"Time":"2024-01-03T21:57:21.725054397+01:00","Action":"output","Package":"pkg.package-operator.run/cardboard/run","Test":"TestNewDependencyRun_Serial/context_err","Output":"=== PAUSE TestNewDependencyRun_Serial/context_err\n"}
{"Time":"2024-01-03T21:57:21.725056105+01:00","Action":"pause","Package":"pkg.package-operator.run/cardboard/run","Test":"TestNewDependencyRun_Serial/context_err"}
{"Time":"2024-01-03T21:57:21.725063799+01:00","Action":"output","Package":"pkg.package-operator.run/cardboard/run","Test":"Test_funcID/function","Output":"=== PAUSE Test_funcID/function\n"}
{"Time":"2024-01-03T21:57:21.725065388+01:00","Action":"pause","Package":"pkg.package-operator.run/cardboard/run","Test":"Test_funcID/function"}
{"Time":"2024-01-03T21:57:21.725088209+01:00","Action":"cont","Package":"pkg.package-operator.run/cardboard/run","Test":"Test_funcID/closure"}
{"Time":"2024-01-03T21:57:21.725092004+01:00","Action":"output","Package":"pkg.package-operator.run/cardboard/run","Test":"Test_funcID/closure","Output":"=== CONT  Test_funcID/closure\n"}
{"Time":"2024-01-03T21:57:21.725107326+01:00","Action":"cont","Package":"pkg.package-operator.run/cardboard/run","Test":"Test_funcID/pointer_method"}
{"Time":"2024-01-03T21:57:21.725108914+01:00","Action":"output","Package":"pkg.package-operator.run/cardboard/run","Test":"Test_funcID/pointer_method","Output":"=== CONT  Test_funcID/pointer_method\n"}
{"Time":"2024-01-03T21:57:21.725140407+01:00","Action":"output","Package":"pkg.package-operator.run/cardboard/run","Test":"Test_funcID/closure","Output":"--- PASS: Test_funcID/closure (0.00s)\n"}
{"Time":"2024-01-03T21:57:21.725166033+01:00","Action":"pass","Package":"pkg.package-operator.run/cardboard/run","Test":"Test_funcID/closure","Elapsed":0}
{"Time":"2024-01-03T21:57:21.72516774+01:00","Action":"output","Package":"pkg.package-operator.run/cardboard/run","Test":"Test_funcID/pointer_method","Output":"--- PASS: Test_funcID/pointer_method (0.00s)\n"}
{"Time":"2024-01-03T21:57:21.72517959+01:00","Action":"pass","Package":"pkg.package-operator.run/cardboard/run","Test":"Test_funcID/pointer_method","Elapsed":0}
{"Time":"2024-01-03T21:57:21.725181154+01:00","Action":"run","Package":"pkg.package-operator.run/cardboard/run","Test":"TestNewDependencyRun_Parallel/context"}
{"Time":"2024-01-03T21:57:21.725182296+01:00","Action":"output","Package":"pkg.package-operator.run/cardboard/run","Test":"TestNewDependencyRun_Parallel/context","Output":"=== RUN   TestNewDependencyRun_Parallel/context\n"}
{"Time":"2024-01-03T21:57:21.725184335+01:00","Action":"run","Package":"pkg.package-operator.run/cardboard/run","Test":"TestNewDependencyRun_Serial/context"}
{"Time":"2024-01-03T21:57:21.725185527+01:00","Action":"output","Package":"pkg.package-operator.run/cardboard/run","Test":"TestNewDependencyRun_Serial/context","Output":"=== RUN   TestNewDependencyRun_Serial/context\n"}
{"Time":"2024-01-03T21:57:21.725209814+01:00","Action":"cont","Package":"pkg.package-operator.run/cardboard/run","Test":"Test_funcID/function"}
{"Time":"2024-01-03T21:57:21.725211445+01:00","Action":"output","Package":"pkg.package-operator.run/cardboard/run","Test":"Test_funcID/function","Output":"=== CONT  Test_funcID/function\n"}
{"Time":"2024-01-03T21:57:21.725220109+01:00","Action":"cont","Package":"pkg.package-operator.run/cardboard/run","Test":"Test_funcID/value_method"}
{"Time":"2024-01-03T21:57:21.725221492+01:00","Action":"output","Package":"pkg.package-operator.run/cardboard/run","Test":"Test_funcID/value_method","Output":"=== CONT  Test_funcID/value_method\n"}
{"Time":"2024-01-03T21:57:21.725224322+01:00","Action":"output","Package":"pkg.package-operator.run/cardboard/run","Test":"TestNewDependencyRun_Serial/context","Output":"=== PAUSE TestNewDependencyRun_Serial/context\n"}
{"Time":"2024-01-03T21:57:21.725225965+01:00","Action":"pause","Package":"pkg.package-operator.run/cardboard/run","Test":"TestNewDependencyRun_Serial/context"}
{"Time":"2024-01-03T21:57:21.72523854+01:00","Action":"output","Package":"pkg.package-operator.run/cardboard/run","Test":"TestNewDependencyRun_Parallel/context","Output":"=== PAUSE TestNewDependencyRun_Parallel/context\n"}
{"Time":"2024-01-03T21:57:21.72524016+01:00","Action":"pause","Package":"pkg.package-operator.run/cardboard/run","Test":"TestNewDependencyRun_Parallel/context"}
{"Time":"2024-01-03T21:57:21.725243522+01:00","Action":"output","Package":"pkg.package-operator.run/cardboard/run","Test":"Test_funcID/function","Output":"--- PASS: Test_funcID/function (0.00s)\n"}
{"Time":"2024-01-03T21:57:21.725250794+01:00","Action":"pass","Package":"pkg.package-operator.run/cardboard/run","Test":"Test_funcID/function","Elapsed":0}
{"Time":"2024-01-03T21:57:21.725269283+01:00","Action":"cont","Package":"pkg.package-operator.run/cardboard/run","Test":"TestNewDependencyRun_Parallel/returns_errors"}
{"Time":"2024-01-03T21:57:21.725271181+01:00","Action":"output","Package":"pkg.package-operator.run/cardboard/run","Test":"TestNewDependencyRun_Parallel/returns_errors","Output":"=== CONT  TestNewDependencyRun_Parallel/returns_errors\n"}
{"Time":"2024-01-03T21:57:21.725286812+01:00","Action":"cont","Package":"pkg.package-operator.run/cardboard/run","Test":"TestNewDependencyRun_Parallel/simple_err"}
{"Time":"2024-01-03T21:57:21.725292143+01:00","Action":"output","Package":"pkg.package-operator.run/cardboard/run","Test":"TestNewDependencyRun_Parallel/simple_err","Output":"=== CONT  TestNewDependencyRun_Parallel/simple_err\n"}
{"Time":"2024-01-03T21:57:21.725296024+01:00","Action":"cont","Package":"pkg.package-operator.run/cardboard/run","Test":"TestNewDependencyRun_Parallel/simple"}
{"Time":"2024-01-03T21:57:21.725298871+01:00","Action":"output","Package":"pkg.package-operator.run/cardboard/run","Test":"TestNewDependencyRun_Parallel/simple","Output":"=== CONT  TestNewDependencyRun_Parallel/simple\n"}
{"Time":"2024-01-03T21:57:21.725301706+01:00","Action":"cont","Package":"pkg.package-operator.run/cardboard/run","Test":"TestNewDependencyRun_Parallel/context_err"}
{"Time":"2024-01-03T21:57:21.725303754+01:00","Action":"output","Package":"pkg.package-operator.run/cardboard/run","Test":"TestNewDependencyRun_Parallel/context_err","Output":"=== CONT  TestNewDependencyRun_Parallel/context_err\n"}
{"Time":"2024-01-03T21:57:21.725308102+01:00","Action":"output","Package":"pkg.package-operator.run/cardboard/run","Test":"Test_funcID/value_method","Output":"--- PASS: Test_funcID/value_method (0.00s)\n"}
{"Time":"2024-01-03T21:57:21.72532617+01:00","Action":"pass","Package":"pkg.package-operator.run/cardboard/run","Test":"Test_funcID/value_method","Elapsed":0}
{"Time":"2024-01-03T21:57:21.72532923+01:00","Action":"cont","Package":"pkg.package-operator.run/cardboard/run","Test":"TestNewDependencyRun_Parallel/context"}
{"Time":"2024-01-03T21:57:21.725331433+01:00","Action":"output","Package":"pkg.package-operator.run/cardboard/run","Test":"TestNewDependencyRun_Parallel/context","Output":"=== CONT  TestNewDependencyRun_Parallel/context\n"}
{"Time":"2024-01-03T21:57:21.725368372+01:00","Action":"cont","Package":"pkg.package-operator.run/cardboard/run","Test":"TestNewDependencyRun_Serial/returns_error"}
{"Time":"2024-01-03T21:57:21.725371525+01:00","Action":"output","Package":"pkg.package-operator.run/cardboard/run","Test":"TestNewDependencyRun_Serial/returns_error","Output":"=== CONT  TestNewDependencyRun_Serial/returns_error\n"}
{"Time":"2024-01-03T21:57:21.725381653+01:00","Action":"output","Package":"pkg.package-operator.run/cardboard/run","Test":"Test_funcID","Output":"--- PASS: Test_funcID (0.00s)\n"}
{"Time":"2024-01-03T21:57:21.725391969+01:00","Action":"pass","Package":"pkg.package-operator.run/cardboard/run","Test":"Test_funcID","Elapsed":0}
{"Time":"2024-01-03T21:57:21.725394747+01:00","Action":"cont","Package":"pkg.package-operator.run/cardboard/run","Test":"TestNewDependencyRun_Serial/context_err"}
{"Time":"2024-01-03T21:57:21.725396686+01:00","Action":"output","Package":"pkg.package-operator.run/cardboard/run","Test":"TestNewDependencyRun_Serial/context_err","Output":"=== CONT  TestNewDependencyRun_Serial/context_err\n"}
{"Time":"2024-01-03T21:57:21.725411854+01:00","Action":"output","Package":"pkg.package-operator.run/cardboard/run","Test":"TestNewDependencyRun_Parallel/returns_errors","Output":"--- PASS: TestNewDependencyRun_Parallel/returns_errors (0.00s)\n"}
{"Time":"2024-01-03T21:57:21.725423629+01:00","Action":"pass","Package":"pkg.package-operator.run/cardboard/run","Test":"TestNewDependencyRun_Parallel/returns_errors","Elapsed":0}
{"Time":"2024-01-03T21:57:21.725426578+01:00","Action":"cont","Package":"pkg.package-operator.run/cardboard/run","Test":"TestNewDependencyRun_Serial/simple"}
{"Time":"2024-01-03T21:57:21.725428771+01:00","Action":"output","Package":"pkg.package-operator.run/cardboard/run","Test":"TestNewDependencyRun_Serial/simple","Output":"=== CONT  TestNewDependencyRun_Serial/simple\n"}
{"Time":"2024-01-03T21:57:21.725451447+01:00","Action":"cont","Package":"pkg.package-operator.run/cardboard/run","Test":"TestNewDependencyRun_Serial/simple_err"}
{"Time":"2024-01-03T21:57:21.725454661+01:00","Action":"output","Package":"pkg.package-operator.run/cardboard/run","Test":"TestNewDependencyRun_Serial/simple_err","Output":"=== CONT  TestNewDependencyRun_Serial/simple_err\n"}
{"Time":"2024-01-03T21:57:21.725533346+01:00","Action":"output","Package":"pkg.package-operator.run/cardboard/run","Test":"TestNewDependencyRun_Serial/returns_error","Output":"--- PASS: TestNewDependencyRun_Serial/returns_error (0.00s)\n"}
{"Time":"2024-01-03T21:57:21.725565316+01:00","Action":"pass","Package":"pkg.package-operator.run/cardboard/run","Test":"TestNewDependencyRun_Serial/returns_error","Elapsed":0}
{"Time":"2024-01-03T21:57:21.725569225+01:00","Action":"cont","Package":"pkg.package-operator.run/cardboard/run","Test":"TestNewDependencyRun_Serial/context"}
{"Time":"2024-01-03T21:57:21.725571234+01:00","Action":"output","Package":"pkg.package-operator.run/cardboard/run","Test":"TestNewDependencyRun_Serial/context","Output":"=== CONT  TestNewDependencyRun_Serial/context\n"}
{"Time":"2024-01-03T21:57:21.725708102+01:00","Action":"output","Package":"pkg.package-operator.run/cardboard/run","Test":"TestNewDependencyRun_Serial/context_err","Output":"--- PASS: TestNewDependencyRun_Serial/context_err (0.00s)\n"}
{"Time":"2024-01-03T21:57:21.725716733+01:00","Action":"pass","Package":"pkg.package-operator.run/cardboard/run","Test":"TestNewDependencyRun_Serial/context_err","Elapsed":0}
{"Time":"2024-01-03T21:57:21.725719854+01:00","Action":"output","Package":"pkg.package-operator.run/cardboard/run","Test":"TestNewDependencyRun_Parallel/simple_err","Output":"--- PASS: TestNewDependencyRun_Parallel/simple_err (0.00s)\n"}
{"Time":"2024-01-03T21:57:21.725722166+01:00","Action":"pass","Package":"pkg.package-operator.run/cardboard/run","Test":"TestNewDependencyRun_Parallel/simple_err","Elapsed":0}
{"Time":"2024-01-03T21:57:21.725724194+01:00","Action":"output","Package":"pkg.package-operator.run/cardboard/run","Test":"TestNewDependencyRun_Serial/simple","Output":"--- PASS: TestNewDependencyRun_Serial/simple (0.00s)\n"}
{"Time":"2024-01-03T21:57:21.72574288+01:00","Action":"pass","Package":"pkg.package-operator.run/cardboard/run","Test":"TestNewDependencyRun_Serial/simple","Elapsed":0}
{"Time":"2024-01-03T21:57:21.725750164+01:00","Action":"output","Package":"pkg.package-operator.run/cardboard/run","Test":"TestNewDependencyRun_Parallel/context_err","Output":"--- PASS: TestNewDependencyRun_Parallel/context_err (0.00s)\n"}
{"Time":"2024-01-03T21:57:21.725755065+01:00","Action":"pass","Package":"pkg.package-operator.run/cardboard/run","Test":"TestNewDependencyRun_Parallel/context_err","Elapsed":0}
{"Time":"2024-01-03T21:57:21.725756911+01:00","Action":"output","Package":"pkg.package-operator.run/cardboard/run","Test":"TestNewDependencyRun_Parallel/simple","Output":"--- PASS: TestNewDependencyRun_Parallel/simple (0.00s)\n"}
{"Time":"2024-01-03T21:57:21.725784035+01:00","Action":"pass","Package":"pkg.package-operator.run/cardboard/run","Test":"TestNewDependencyRun_Parallel/simple","Elapsed":0}
{"Time":"2024-01-03T21:57:21.725786284+01:00","Action":"output","Package":"pkg.package-operator.run/cardboard/run","Test":"TestNewDependencyRun_Serial/simple_err","Output":"--- PASS: TestNewDependencyRun_Serial/simple_err (0.00s)\n"}
{"Time":"2024-01-03T21:57:21.725807694+01:00","Action":"pass","Package":"pkg.package-operator.run/cardboard/run","Test":"TestNewDependencyRun_Serial/simple_err","Elapsed":0}
{"Time":"2024-01-03T21:57:21.725809336+01:00","Action":"output","Package":"pkg.package-operator.run/cardboard/run","Test":"TestNewDependencyRun_Parallel/context","Output":"--- PASS: TestNewDependencyRun_Parallel/context (0.00s)\n"}
{"Time":"2024-01-03T21:57:21.725826459+01:00","Action":"pass","Package":"pkg.package-operator.run/cardboard/run","Test":"TestNewDependencyRun_Parallel/context","Elapsed":0}
{"Time":"2024-01-03T21:57:21.725828342+01:00","Action":"output","Package":"pkg.package-operator.run/cardboard/run","Test":"TestNewDependencyRun_Serial/context","Output":"--- PASS: TestNewDependencyRun_Serial/context (0.00s)\n"}
{"Time":"2024-01-03T21:57:21.72583158+01:00","Action":"pass","Package":"pkg.package-operator.run/cardboard/run","Test":"TestNewDependencyRun_Serial/context","Elapsed":0}
{"Time":"2024-01-03T21:57:21.725832904+01:00","Action":"output","Package":"pkg.package-operator.run/cardboard/run","Test":"TestNewDependencyRun_Parallel","Output":"--- PASS: TestNewDependencyRun_Parallel (0.00s)\n"}
{"Time":"2024-01-03T21:57:21.725851455+01:00","Action":"pass","Package":"pkg.package-operator.run/cardboard/run","Test":"TestNewDependencyRun_Parallel","Elapsed":0}
{"Time":"2024-01-03T21:57:21.72585307+01:00","Action":"output","Package":"pkg.package-operator.run/cardboard/run","Test":"TestNewDependencyRun_Serial","Output":"--- PASS: TestNewDependencyRun_Serial (0.00s)\n"}
{"Time":"2024-01-03T21:57:21.734834483+01:00","Action":"pass","Package":"pkg.package-operator.run/cardboard/run","Test":"TestNewDependencyRun_Serial","Elapsed":0}
{"Time":"2024-01-03T21:57:21.734836828+01:00","Action":"output","Package":"pkg.package-operator.run/cardboard/run","Test":"TestOldestModTime","Output":"--- PASS: TestOldestModTime (0.01s)\n"}
{"Time":"2024-01-03T21:57:21.734925324+01:00","Action":"pass","Package":"pkg.package-operator.run/cardboard/run","Test":"TestOldestModTime","Elapsed":0.01}
{"Time":"2024-01-03T21:57:21.734928595+01:00","Action":"output","Package":"pkg.package-operator.run/cardboard/run","Test":"TestNewestModTime","Output":"--- PASS: TestNewestModTime (0.01s)\n"}
{"Time":"2024-01-03T21:57:21.734943914+01:00","Action":"pass","Package":"pkg.package-operator.run/cardboard/run","Test":"TestNewestModTime","Elapsed":0.01}
{"Time":"2024-01-03T21:57:21.734945724+01:00","Action":"output","Package":"pkg.package-operator.run/cardboard/run","Output":"PASS\n"}
{"Time":"2024-01-03T21:57:21.736380481+01:00","Action":"output","Package":"pkg.package-operator.run/cardboard/run","Output":"coverage: 43.1% of statements\n"}
{"Time":"2024-01-03T21:57:22.288730199+01:00","Action":"output","Package":"pkg.package-operator.run/cardboard/load","Output":"ok  \tpkg.package-operator.run/cardboard/load\t1.018s\tcoverage: 37.5% of statements\n"}
{"Time":"2024-01-03T21:57:22.288751087+01:00","Action":"pass","Package":"pkg.package-operator.run/cardboard/load","Elapsed":1.019}
{"Time":"2024-01-03T21:57:22.561597605+01:00","Action":"output","Package":"pkg.package-operator.run/cardboard/sh","Output":"ok  \tpkg.package-operator.run/cardboard/sh\t1.010s\tcoverage: 71.7% of statements\n"}
{"Time":"2024-01-03T21:57:22.561615411+01:00","Action":"pass","Package":"pkg.package-operator.run/cardboard/sh","Elapsed":1.01}
{"Time":"2024-01-03T21:57:22.586711812+01:00","Action":"output","Package":"pkg.package-operator.run/cardboard/wait","Output":"ok  \tpkg.package-operator.run/cardboard/wait\t1.035s\tcoverage: 40.5% of statements\n"}
{"Time":"2024-01-03T21:57:22.586723048+01:00","Action":"pass","Package":"pkg.package-operator.run/cardboard/wait","Elapsed":1.035}
{"Time":"2024-01-03T21:57:22.74054543+01:00","Action":"output","Package":"pkg.package-operator.run/cardboard/run","Output":"ok  \tpkg.package-operator.run/cardboard/run\t1.189s\tcoverage: 43.1% of statements\n"}
{"Time":"2024-01-03T21:57:22.740556467+01:00","Action":"pass","Package":"pkg.package-operator.run/cardboard/run","Elapsed":1.189}
